Archive member included to satisfy reference by file (symbol)

c:/devkitPro/libctru/lib\libctru.a(console.o)
                              main.o (consoleSelect)
c:/devkitPro/libctru/lib\libctru.a(gfx.o)
                              c:/devkitPro/libctru/lib\libctru.a(console.o) (gfxSetScreenFormat)
c:/devkitPro/libctru/lib\libctru.a(gx.o)
                              c:/devkitPro/libctru/lib\libctru.a(gfx.o) (gxCmdBuf)
c:/devkitPro/libctru/lib\libctru.a(apt.o)
                              main.o (aptMainLoop)
c:/devkitPro/libctru/lib\libctru.a(gspgpu.o)
                              c:/devkitPro/libctru/lib\libctru.a(gfx.o) (gspInit)
c:/devkitPro/libctru/lib\libctru.a(hid.o)
                              main.o (hidScanInput)
c:/devkitPro/libctru/lib\libctru.a(irrst.o)
                              c:/devkitPro/libctru/lib\libctru.a(hid.o) (irrstScanInput)
c:/devkitPro/libctru/lib\libctru.a(initArgv.o)
                              c:/devkitpro/devkitarm/bin/../lib/gcc/arm-none-eabi/5.3.0/../../../../arm-none-eabi/lib/armv6k/fpu/3dsx_crt0.o (__system_argc)
c:/devkitPro/libctru/lib\libctru.a(initSystem.o)
                              c:/devkitPro/libctru/lib\libctru.a(apt.o) (__system_retAddr)
c:/devkitPro/libctru/lib\libctru.a(syscalls.o)
                              c:/devkitPro/libctru/lib\libctru.a(initSystem.o) (__system_initSyscalls)
c:/devkitPro/libctru/lib\libctru.a(svc.o)
                              c:/devkitPro/libctru/lib\libctru.a(gfx.o) (svcCreateEvent)
c:/devkitPro/libctru/lib\libctru.a(stack_adjust.o)
                              c:/devkitpro/devkitarm/bin/../lib/gcc/arm-none-eabi/5.3.0/../../../../arm-none-eabi/lib/armv6k/fpu/3dsx_crt0.o (initSystem)
c:/devkitPro/libctru/lib\libctru.a(default_font.bin.o)
                              c:/devkitPro/libctru/lib\libctru.a(console.o) (default_font_bin)
c:/devkitPro/libctru/lib\libctru.a(linear.o)
                              c:/devkitPro/libctru/lib\libctru.a(gfx.o) (linearAlloc)
c:/devkitPro/libctru/lib\libctru.a(mappable.o)
                              c:/devkitPro/libctru/lib\libctru.a(gfx.o) (mappableAlloc)
c:/devkitPro/libctru/lib\libctru.a(mem_pool.o)
                              c:/devkitPro/libctru/lib\libctru.a(linear.o) (MemPool::Allocate(MemChunk&, unsigned long, int))
c:/devkitPro/libctru/lib\libctru.a(vram.o)
                              c:/devkitPro/libctru/lib\libctru.a(gfx.o) (vramAlloc)
c:/devkitPro/libctru/lib\libctru.a(env.o)
                              c:/devkitPro/libctru/lib\libctru.a(irrst.o) (envGetHandle)
c:/devkitPro/libctru/lib\libctru.a(os.o)
                              c:/devkitPro/libctru/lib\libctru.a(syscalls.o) (__libctru_gtod)
c:/devkitPro/libctru/lib\libctru.a(srv.o)
                              c:/devkitPro/libctru/lib\libctru.a(apt.o) (srvGetServiceHandle)
c:/devkitPro/libctru/lib\libctru.a(synchronization.o)
                              c:/devkitPro/libctru/lib\libctru.a(initSystem.o) (__sync_init)
c:/devkitPro/libctru/lib\libctru.a(thread.o)
                              c:/devkitPro/libctru/lib\libctru.a(apt.o) (threadCreate)
c:/devkitPro/libctru/lib\libctru.a(ptmsysm.o)
                              c:/devkitPro/libctru/lib\libctru.a(os.o) (ptmSysmInit)
c:/devkitPro/libctru/lib\libctru.a(rbtree_find.o)
                              c:/devkitPro/libctru/lib\libctru.a(linear.o) (rbtree_find)
c:/devkitPro/libctru/lib\libctru.a(rbtree_init.o)
                              c:/devkitPro/libctru/lib\libctru.a(linear.o) (rbtree_init)
c:/devkitPro/libctru/lib\libctru.a(rbtree_insert.o)
                              c:/devkitPro/libctru/lib\libctru.a(linear.o) (rbtree_insert)
c:/devkitPro/libctru/lib\libctru.a(rbtree_remove.o)
                              c:/devkitPro/libctru/lib\libctru.a(linear.o) (rbtree_remove)
c:/devkitPro/libctru/lib\libctru.a(rbtree_rotate.o)
                              c:/devkitPro/libctru/lib\libctru.a(rbtree_insert.o) (rbtree_rotate)
c:/devkitPro/libctru/lib\libctru.a(allocateHeaps.o)
                              c:/devkitPro/libctru/lib\libctru.a(initSystem.o) (__system_allocateHeaps)
c:/devkitPro/libctru/lib\libctru.a(appExit.o)
                              c:/devkitPro/libctru/lib\libctru.a(stack_adjust.o) (__appExit)
c:/devkitPro/libctru/lib\libctru.a(appInit.o)
                              c:/devkitPro/libctru/lib\libctru.a(stack_adjust.o) (__appInit)
c:/devkitPro/libctru/lib\libctru.a(ctru_exit.o)
                              c:/devkitPro/libctru/lib\libctru.a(stack_adjust.o) (__libctru_exit)
c:/devkitPro/libctru/lib\libctru.a(sdmc_dev.o)
                              c:/devkitPro/libctru/lib\libctru.a(appInit.o) (sdmcInit)
c:/devkitPro/libctru/lib\libctru.a(fs.o)
                              c:/devkitPro/libctru/lib\libctru.a(appInit.o) (fsInit)
c:/devkitPro/libctru/lib\libctru.a(rbtree_iterator.o)
                              c:/devkitPro/libctru/lib\libctru.a(rbtree_remove.o) (rbtree_node_next)
c:/devkitPro/libctru/lib\libctru.a(decode_utf8.o)
[...]
Memory Configuration

Name             Origin             Length             Attributes
*default*        0x00000000         0xffffffff

Linker script and memory map

                0x00100000                . = 0x100000
                0x00100000                __start__ = .

.text           0x00100000    0x25b3c
 *(.crt0)
 .crt0          0x00100000       0x94 c:/devkitpro/devkitarm/bin/../lib/gcc/arm-none-eabi/5.3.0/../../../../arm-none-eabi/lib/armv6k/fpu/3dsx_crt0.o
                0x00100000                _start
                0x00100008                __service_ptr
                0x0010000c                __apt_appid
                0x00100010                __heap_size
                0x00100014                __linear_heap_size
                0x00100018                __system_arglist
                0x0010001c                __system_runflags
 *(.init)
 .init          0x00100094        0xc c:/devkitpro/devkitarm/bin/../lib/gcc/arm-none-eabi/5.3.0/armv6k/fpu/crti.o
                0x00100094                _init
 .init          0x001000a0        0xc c:/devkitpro/devkitarm/bin/../lib/gcc/arm-none-eabi/5.3.0/armv6k/fpu/crtn.o
                0x001000ac                . = ALIGN (0x4)
 *(.text)
 .text          0x001000ac      0x108 c:/devkitpro/devkitarm/bin/../lib/gcc/arm-none-eabi/5.3.0/armv6k/fpu/crtbegin.o
 .text          0x001001b4       0x64 c:/devkitPro/libctru/lib\libctru.a(stack_adjust.o)
                0x001001b4                initSystem
                0x001001f8                __ctru_exit
 .text          0x00100218      0x240 c:/devkitpro/devkitarm/bin/../lib/gcc/arm-none-eabi/5.3.0/armv6k/fpu\libgcc.a(_divsi3.o)
                0x00100218                __divsi3
                0x00100218                __aeabi_idiv
                0x00100438                __aeabi_idivmod
 .text          0x00100458        0x4 c:/devkitpro/devkitarm/bin/../lib/gcc/arm-none-eabi/5.3.0/armv6k/fpu\libgcc.a(_dvmd_tls.o)
                0x00100458                __aeabi_idiv0
                0x00100458                __aeabi_ldiv0
 *fill*         0x0010045c        0x4 
 .text          0x00100460      0x3a0 c:/devkitpro/devkitarm/bin/../lib/gcc/arm-none-eabi/5.3.0/../../../../arm-none-eabi/lib/armv6k/fpu\libg.a(lib_a-strcmp.o)
                0x00100468                strcmp
 .text          0x00100800      0x1c4 c:/devkitpro/devkitarm/bin/../lib/gcc/arm-none-eabi/5.3.0/../../../../arm-none-eabi/lib/armv6k/fpu\libsysbase.a(iosupport.o)
                0x00100808                setDefaultDevice
                0x00100820                FindDevice
                0x001008dc                RemoveDevice
                0x00100908                AddDevice
                0x001009a0                GetDeviceOpTab
 .text          0x001009c4       0x7c c:/devkitpro/devkitarm/bin/../lib/gcc/arm-none-eabi/5.3.0/../../../../arm-none-eabi/lib/armv6k/fpu\libsysbase.a(close.o)
                0x001009c4                _close_r
 .text          0x00100a40       0x6c c:/devkitpro/devkitarm/bin/../lib/gcc/arm-none-eabi/5.3.0/../../../../arm-none-eabi/lib/armv6k/fpu\libsysbase.a(fstat.o)
                0x00100a40                _fstat_r
 .text          0x00100aac        0x8 c:/devkitpro/devkitarm/bin/../lib/gcc/arm-none-eabi/5.3.0/../../../../arm-none-eabi/lib/armv6k/fpu\libsysbase.a(isatty.o)
                0x00100aac                _isatty_r
 .text          0x00100ab4       0x78 c:/devkitpro/devkitarm/bin/../lib/gcc/arm-none-eabi/5.3.0/../../../../arm-none-eabi/lib/armv6k/fpu\libsysbase.a(lseek.o)
                0x00100ab4                _lseek_r
 .text          0x00100b2c       0x78 c:/devkitpro/devkitarm/bin/../lib/gcc/arm-none-eabi/5.3.0/../../../../arm-none-eabi/lib/armv6k/fpu\libsysbase.a(read.o)
                0x00100b2c                _read_r
 .text          0x00100ba4       0x70 c:/devkitpro/devkitarm/bin/../lib/gcc/arm-none-eabi/5.3.0/../../../../arm-none-eabi/lib/armv6k/fpu\libsysbase.a(sbrk.o)
                0x00100ba4                _sbrk_r
 .text          0x00100c14       0x78 c:/devkitpro/devkitarm/bin/../lib/gcc/arm-none-eabi/5.3.0/../../../../arm-none-eabi/lib/armv6k/fpu\libsysbase.a(write.o)
                0x00100c14                _write_r
 .text          0x00100c8c      0x3b0 c:/devkitpro/devkitarm/bin/../lib/gcc/arm-none-eabi/5.3.0/../../../../arm-none-eabi/lib/armv6k/fpu\libsysbase.a(chdir.o)
                0x00100c8c                _concatenate_path
                0x00100e48                chdir
                0x00100f9c                getcwd
 .text          0x0010103c       0x10 c:/devkitpro/devkitarm/bin/../lib/gcc/arm-none-eabi/5.3.0/../../../../arm-none-eabi/lib/armv6k/fpu\libsysbase.a(flock.o)
                0x0010103c                __flockfile
                0x00101044                __funlockfile
 .text          0x0010104c      0x108 c:/devkitpro/devkitarm/bin/../lib/gcc/arm-none-eabi/5.3.0/../../../../arm-none-eabi/lib/armv6k/fpu\libsysbase.a(syscall_support.o)
                0x0010104c                __libc_lock_init
                0x00101064                __libc_lock_acquire
                0x0010107c                __libc_lock_try_acquire
                0x001010a0                __libc_lock_release
                0x001010b8                __libc_lock_close
                0x001010d0                __libc_lock_init_recursive
                0x001010e8                __libc_lock_acquire_recursive
                0x00101100                __libc_lock_try_acquire_recursive
                0x00101124                __libc_lock_release_recursive
                0x0010113c                __libc_lock_close_recursive
 .text          0x00101154      0x2c4 c:/devkitpro/devkitarm/bin/../lib/gcc/arm-none-eabi/5.3.0/../../../../arm-none-eabi/lib/armv6k/fpu\libsysbase.a(handle_manager.o)
                0x00101154                __free_handle
                0x00101198                __release_handle
                0x001011d4                __alloc_handle
                0x0010124c                __get_handle
                0x00101268                dup
                0x0010130c                dup2
 .text          0x00101418       0x28 c:/devkitpro/devkitarm/bin/../lib/gcc/arm-none-eabi/5.3.0/../../../../arm-none-eabi/lib/armv6k/fpu\libsysbase.a(getreent.o)
                0x00101418                __getreent
 .text          0x00101440      0x20c c:/devkitpro/devkitarm/bin/../lib/gcc/arm-none-eabi/5.3.0/armv6k/fpu\libgcc.a(_udivsi3.o)
                0x00101440                __aeabi_uidiv
                0x00101440                __udivsi3
                0x0010162c                __aeabi_uidivmod
 .text          0x0010164c       0x3c c:/devkitpro/devkitarm/bin/../lib/gcc/arm-none-eabi/5.3.0/armv6k/fpu\libgcc.a(_aeabi_uldivmod.o)
                0x0010164c                __aeabi_uldivmod
 .text          0x00101688      0x128 c:/devkitpro/devkitarm/bin/../lib/gcc/arm-none-eabi/5.3.0/armv6k/fpu\libgcc.a(_udivmoddi4.o)
                0x00101688                __udivmoddi4
 *(.text.*)
 .text.startup.main
                0x001017b0      0x1d0 main.o
                0x001017b0                main
 .text.debug_write
                0x00101980       0x1c c:/devkitPro/libctru/lib\libctru.a(console.o)
                0x00101980                debug_write
 .text.consoleSelect
                0x0010199c       0x18 c:/devkitPro/libctru/lib\libctru.a(console.o)
                0x0010199c                consoleSelect
 .text.consoleDrawChar
                0x001019b4      0x1ac c:/devkitPro/libctru/lib\libctru.a(console.o)
                0x001019b4                consoleDrawChar
 .text.consolePrintChar
                0x00101b60      0x128 c:/devkitPro/libctru/lib\libctru.a(console.o)
                0x00101b60                consolePrintChar
 .text.consoleCls
                0x00101c88      0x184 c:/devkitPro/libctru/lib\libctru.a(console.o)
 .text.consoleInit
                0x00101e0c       0xf8 c:/devkitPro/libctru/lib\libctru.a(console.o)
                0x00101e0c                consoleInit
 .text.consoleClearLine
                0x00101f04      0x138 c:/devkitPro/libctru/lib\libctru.a(console.o)
 .text.newRow   0x0010203c       0xc0 c:/devkitPro/libctru/lib\libctru.a(console.o)
 .text.con_write
                0x001020fc      0x86c c:/devkitPro/libctru/lib\libctru.a(console.o)
                0x001020fc                con_write
 .text.consoleClear
                0x00102968        0xc c:/devkitPro/libctru/lib\libctru.a(console.o)
                0x00102968                consoleClear
 .text.gfxSetFramebufferInfo.part.0
                0x00102974       0x8c c:/devkitPro/libctru/lib\libctru.a(gfx.o)
 .text.gfxSetScreenFormat
                0x00102a00       0x18 c:/devkitPro/libctru/lib\libctru.a(gfx.o)
                0x00102a00                gfxSetScreenFormat
 .text.gfxSetDoubleBuffering
                0x00102a18       0x14 c:/devkitPro/libctru/lib\libctru.a(gfx.o)
                0x00102a18                gfxSetDoubleBuffering
 .text.gfxSetFramebufferInfo
                0x00102a2c       0x70 c:/devkitPro/libctru/lib\libctru.a(gfx.o)
                0x00102a2c                gfxSetFramebufferInfo
 .text.gfxWriteFramebufferInfo
                0x00102a9c       0x88 c:/devkitPro/libctru/lib\libctru.a(gfx.o)
                0x00102a9c                gfxWriteFramebufferInfo
 .text.gfxInit  0x00102b24      0x1d0 c:/devkitPro/libctru/lib\libctru.a(gfx.o)
                0x00102b24                gfxInit
 .text.gfxInitDefault
                0x00102cf4       0x10 c:/devkitPro/libctru/lib\libctru.a(gfx.o)
                0x00102cf4                gfxInitDefault
 .text.gfxExit  0x00102d04       0xe0 c:/devkitPro/libctru/lib\libctru.a(gfx.o)
                0x00102d04                gfxExit
 .text.gfxGetFramebuffer
                0x00102de4       0xb0 c:/devkitPro/libctru/lib\libctru.a(gfx.o)
                0x00102de4                gfxGetFramebuffer
 .text.gfxFlushBuffers
                0x00102e94       0xcc c:/devkitPro/libctru/lib\libctru.a(gfx.o)
                0x00102e94                gfxFlushBuffers
 .text.gfxConfigScreen
                0x00102f60       0x70 c:/devkitPro/libctru/lib\libctru.a(gfx.o)
                0x00102f60                gfxConfigScreen
 .text.gfxSwapBuffers
                0x00102fd0       0x20 c:/devkitPro/libctru/lib\libctru.a(gfx.o)
                0x00102fd0                gfxSwapBuffers
 .text.gfxSwapBuffersGpu
                0x00102ff0       0x20 c:/devkitPro/libctru/lib\libctru.a(gfx.o)
                0x00102ff0                gfxSwapBuffersGpu
 .text.__apt_initservicehandle
                0x00103010       0x68 c:/devkitPro/libctru/lib\libctru.a(apt.o)
 .text._aptDebug
                0x00103078        0x4 c:/devkitPro/libctru/lib\libctru.a(apt.o)
                0x00103078                _aptDebug
 .text.aptInitCaptureInfo
                0x0010307c       0x98 c:/devkitPro/libctru/lib\libctru.a(apt.o)
                0x0010307c                aptInitCaptureInfo
 .text.aptWaitStatusEvent
                0x00103114       0x28 c:/devkitPro/libctru/lib\libctru.a(apt.o)
                0x00103114                aptWaitStatusEvent
 .text.aptGetMenuAppID
                0x0010313c       0x60 c:/devkitPro/libctru/lib\libctru.a(apt.o)
                0x0010313c                aptGetMenuAppID
 .text.aptSetStatus
                0x0010319c       0x6c c:/devkitPro/libctru/lib\libctru.a(apt.o)
                0x0010319c                aptSetStatus
 .text.APT_GetLockHandle
                0x00103208       0x48 c:/devkitPro/libctru/lib\libctru.a(apt.o)
                0x00103208                APT_GetLockHandle
 .text.APT_Initialize
                0x00103250       0x60 c:/devkitPro/libctru/lib\libctru.a(apt.o)
                0x00103250                APT_Initialize
 .text.APT_Finalize
                0x001032b0       0x34 c:/devkitPro/libctru/lib\libctru.a(apt.o)
                0x001032b0                APT_Finalize
 .text.APT_InquireNotification
                0x001032e4       0x48 c:/devkitPro/libctru/lib\libctru.a(apt.o)
                0x001032e4                APT_InquireNotification
 .text.APT_PrepareToJumpToHomeMenu
                0x0010332c       0x2c c:/devkitPro/libctru/lib\libctru.a(apt.o)
                0x0010332c                APT_PrepareToJumpToHomeMenu
 .text.APT_JumpToHomeMenu
                0x00103358       0x50 c:/devkitPro/libctru/lib\libctru.a(apt.o)
                0x00103358                APT_JumpToHomeMenu
 .text.APT_PrepareToJumpToApplication
                0x001033a8       0x34 c:/devkitPro/libctru/lib\libctru.a(apt.o)
                0x001033a8                APT_PrepareToJumpToApplication
 .text.APT_JumpToApplication
                0x001033dc       0x50 c:/devkitPro/libctru/lib\libctru.a(apt.o)
                0x001033dc                APT_JumpToApplication
 .text.APT_NotifyToWait
                0x0010342c       0x34 c:/devkitPro/libctru/lib\libctru.a(apt.o)
                0x0010342c                APT_NotifyToWait
 .text.APT_AppletUtility
                0x00103460       0x7c c:/devkitPro/libctru/lib\libctru.a(apt.o)
                0x00103460                APT_AppletUtility
 .text.aptAppletUtility_Exit_RetToApp
                0x001034dc      0x188 c:/devkitPro/libctru/lib\libctru.a(apt.o)
                0x001034dc                aptAppletUtility_Exit_RetToApp
 .text.aptAppletClosed
                0x00103664       0x3c c:/devkitPro/libctru/lib\libctru.a(apt.o)
                0x00103664                aptAppletClosed
 .text.aptAppStarted
                0x001036a0      0x114 c:/devkitPro/libctru/lib\libctru.a(apt.o)
 .text.aptInit  0x001037b4      0x298 c:/devkitPro/libctru/lib\libctru.a(apt.o)
                0x001037b4                aptInit
 .text.APT_ReceiveParameter
                0x00103a4c       0x6c c:/devkitPro/libctru/lib\libctru.a(apt.o)
                0x00103a4c                APT_ReceiveParameter
 .text.APT_SendParameter
                0x00103ab8       0x64 c:/devkitPro/libctru/lib\libctru.a(apt.o)
                0x00103ab8                APT_SendParameter
 .text.APT_SendCaptureBufferInfo
                0x00103b1c       0x44 c:/devkitPro/libctru/lib\libctru.a(apt.o)
                0x00103b1c                APT_SendCaptureBufferInfo
 .text.aptReturnToMenu
                0x00103b60      0x264 c:/devkitPro/libctru/lib\libctru.a(apt.o)
                0x00103b60                aptReturnToMenu
 .text.APT_ReplySleepQuery
                0x00103dc4       0x38 c:/devkitPro/libctru/lib\libctru.a(apt.o)
                0x00103dc4                APT_ReplySleepQuery
 .text.APT_ReplySleepNotificationComplete
                0x00103dfc       0x34 c:/devkitPro/libctru/lib\libctru.a(apt.o)
                0x00103dfc                APT_ReplySleepNotificationComplete
 .text.aptEventHandler
                0x00103e30      0x3f4 c:/devkitPro/libctru/lib\libctru.a(apt.o)
                0x00103e30                aptEventHandler
 .text.APT_PrepareToCloseApplication
                0x00104224       0x34 c:/devkitPro/libctru/lib\libctru.a(apt.o)
                0x00104224                APT_PrepareToCloseApplication
 .text.APT_CloseApplication
                0x00104258       0x50 c:/devkitPro/libctru/lib\libctru.a(apt.o)
                0x00104258                APT_CloseApplication
 .text.aptExit  0x001042a8      0x2d0 c:/devkitPro/libctru/lib\libctru.a(apt.o)
                0x001042a8                aptExit
 .text.APT_CheckNew3DS_System
                0x00104578       0x6c c:/devkitPro/libctru/lib\libctru.a(apt.o)
                0x00104578                APT_CheckNew3DS_System
 .text.APT_CheckNew3DS
                0x001045e4       0x8c c:/devkitPro/libctru/lib\libctru.a(apt.o)
                0x001045e4                APT_CheckNew3DS
 .text.APT_StartLibraryApplet
                0x00104670       0x54 c:/devkitPro/libctru/lib\libctru.a(apt.o)
                0x00104670                APT_StartLibraryApplet
 .text.aptAppletStarted
                0x001046c4      0x174 c:/devkitPro/libctru/lib\libctru.a(apt.o)
                0x001046c4                aptAppletStarted
 .text.aptMainLoop
                0x00104838      0x1a4 c:/devkitPro/libctru/lib\libctru.a(apt.o)
                0x00104838                aptMainLoop
 .text.gspEventThreadMain
                0x001049dc      0x124 c:/devkitPro/libctru/lib\libctru.a(gspgpu.o)
 .text.gspInit  0x00104b00       0x74 c:/devkitPro/libctru/lib\libctru.a(gspgpu.o)
                0x00104b00                gspInit
 .text.gspExit  0x00104b74       0x3c c:/devkitPro/libctru/lib\libctru.a(gspgpu.o)
                0x00104b74                gspExit
 .text.gspInitEventHandler
                0x00104bb0       0xd0 c:/devkitPro/libctru/lib\libctru.a(gspgpu.o)
                0x00104bb0                gspInitEventHandler
 .text.gspExitEventHandler
                0x00104c80       0x5c c:/devkitPro/libctru/lib\libctru.a(gspgpu.o)
                0x00104c80                gspExitEventHandler
 .text.gspWaitForEvent
                0x00104cdc       0x58 c:/devkitPro/libctru/lib\libctru.a(gspgpu.o)
                0x00104cdc                gspWaitForEvent
 .text.GSPGPU_SetBufferSwap
                0x00104d34       0x6c c:/devkitPro/libctru/lib\libctru.a(gspgpu.o)
                0x00104d34                GSPGPU_SetBufferSwap
 .text.GSPGPU_FlushDataCache
                0x00104da0       0x4c c:/devkitPro/libctru/lib\libctru.a(gspgpu.o)
                0x00104da0                GSPGPU_FlushDataCache
 .text.GSPGPU_SetLcdForceBlack
                0x00104dec       0x34 c:/devkitPro/libctru/lib\libctru.a(gspgpu.o)
                0x00104dec                GSPGPU_SetLcdForceBlack
 .text.GSPGPU_RegisterInterruptRelayQueue
                0x00104e20       0x64 c:/devkitPro/libctru/lib\libctru.a(gspgpu.o)
                0x00104e20                GSPGPU_RegisterInterruptRelayQueue
 .text.GSPGPU_UnregisterInterruptRelayQueue
                0x00104e84       0x2c c:/devkitPro/libctru/lib\libctru.a(gspgpu.o)
                0x00104e84                GSPGPU_UnregisterInterruptRelayQueue
 .text.GSPGPU_AcquireRight
                0x00104eb0       0x48 c:/devkitPro/libctru/lib\libctru.a(gspgpu.o)
                0x00104eb0                GSPGPU_AcquireRight
 .text.GSPGPU_ReleaseRight
                0x00104ef8       0x2c c:/devkitPro/libctru/lib\libctru.a(gspgpu.o)
                0x00104ef8                GSPGPU_ReleaseRight
 .text.GSPGPU_ImportDisplayCaptureInfo
                0x00104f24       0x80 c:/devkitPro/libctru/lib\libctru.a(gspgpu.o)
                0x00104f24                GSPGPU_ImportDisplayCaptureInfo
 .text.GSPGPU_SaveVramSysArea
                0x00104fa4       0x2c c:/devkitPro/libctru/lib\libctru.a(gspgpu.o)
                0x00104fa4                GSPGPU_SaveVramSysArea
 .text.GSPGPU_RestoreVramSysArea
                0x00104fd0       0x2c c:/devkitPro/libctru/lib\libctru.a(gspgpu.o)
                0x00104fd0                GSPGPU_RestoreVramSysArea
 .text.hidExit  0x00104ffc       0xd8 c:/devkitPro/libctru/lib\libctru.a(hid.o)
                0x00104ffc                hidExit
 .text.hidScanInput
                0x001050d4      0x238 c:/devkitPro/libctru/lib\libctru.a(hid.o)
                0x001050d4                hidScanInput
 .text.hidKeysHeld
                0x0010530c       0x10 c:/devkitPro/libctru/lib\libctru.a(hid.o)
                0x0010530c                hidKeysHeld
 .text.hidKeysDown
                0x0010531c       0x10 c:/devkitPro/libctru/lib\libctru.a(hid.o)
                0x0010531c                hidKeysDown
 .text.hidKeysUp
                0x0010532c       0x10 c:/devkitPro/libctru/lib\libctru.a(hid.o)
                0x0010532c                hidKeysUp
 .text.HIDUSER_GetHandles
                0x0010533c       0x90 c:/devkitPro/libctru/lib\libctru.a(hid.o)
                0x0010533c                HIDUSER_GetHandles
 .text.hidInit  0x001053cc      0x184 c:/devkitPro/libctru/lib\libctru.a(hid.o)
                0x001053cc                hidInit
 .text.irrstScanInput
                0x00105550       0xb0 c:/devkitPro/libctru/lib\libctru.a(irrst.o)
                0x00105550                irrstScanInput
 .text.irrstKeysHeld
                0x00105600       0x1c c:/devkitPro/libctru/lib\libctru.a(irrst.o)
                0x00105600                irrstKeysHeld
 .text.IRRST_GetHandles
                0x0010561c       0x50 c:/devkitPro/libctru/lib\libctru.a(irrst.o)
                0x0010561c                IRRST_GetHandles
 .text.irrstInit
                0x0010566c      0x148 c:/devkitPro/libctru/lib\libctru.a(irrst.o)
                0x0010566c                irrstInit
 .text.IRRST_Shutdown
                0x001057b4       0x2c c:/devkitPro/libctru/lib\libctru.a(irrst.o)
                0x001057b4                IRRST_Shutdown
 .text.irrstExit
                0x001057e0       0xb0 c:/devkitPro/libctru/lib\libctru.a(irrst.o)
                0x001057e0                irrstExit
 .text.__system_initArgv
                0x00105890       0xf4 c:/devkitPro/libctru/lib\libctru.a(initArgv.o)
                0x00105890                __system_initArgv
 .text.__libctru_init
                0x00105984       0x38 c:/devkitPro/libctru/lib\libctru.a(initSystem.o)
                0x00105984                __libctru_init
 .text.__ctru_get_reent
                0x001059bc       0x30 c:/devkitPro/libctru/lib\libctru.a(syscalls.o)
 .text.__system_initSyscalls
                0x001059ec       0xe8 c:/devkitPro/libctru/lib\libctru.a(syscalls.o)
                0x001059ec                __system_initSyscalls
 .text.svcControlMemory
                0x00105ad4       0x20 c:/devkitPro/libctru/lib\libctru.a(svc.o)
                0x00105ad4                svcControlMemory
 .text.svcExitProcess
                0x00105af4        0x8 c:/devkitPro/libctru/lib\libctru.a(svc.o)
                0x00105af4                svcExitProcess
 .text.svcCreateThread
                0x00105afc       0x20 c:/devkitPro/libctru/lib\libctru.a(svc.o)
                0x00105afc                svcCreateThread
 .text.svcExitThread
                0x00105b1c        0x8 c:/devkitPro/libctru/lib\libctru.a(svc.o)
                0x00105b1c                svcExitThread
 .text.svcCreateEvent
                0x00105b24       0x14 c:/devkitPro/libctru/lib\libctru.a(svc.o)
                0x00105b24                svcCreateEvent
 .text.svcSignalEvent
                0x00105b38        0x8 c:/devkitPro/libctru/lib\libctru.a(svc.o)
                0x00105b38                svcSignalEvent
 .text.svcClearEvent
                0x00105b40        0x8 c:/devkitPro/libctru/lib\libctru.a(svc.o)
                0x00105b40                svcClearEvent
 .text.svcMapMemoryBlock
                0x00105b48        0x8 c:/devkitPro/libctru/lib\libctru.a(svc.o)
                0x00105b48                svcMapMemoryBlock
 .text.svcUnmapMemoryBlock
                0x00105b50        0x8 c:/devkitPro/libctru/lib\libctru.a(svc.o)
                0x00105b50                svcUnmapMemoryBlock
 .text.svcCreateAddressArbiter
                0x00105b58       0x14 c:/devkitPro/libctru/lib\libctru.a(svc.o)
                0x00105b58                svcCreateAddressArbiter
 .text.svcArbitrateAddress
                0x00105b6c       0x18 c:/devkitPro/libctru/lib\libctru.a(svc.o)
                0x00105b6c                svcArbitrateAddress
 .text.svcCloseHandle
                0x00105b84        0x8 c:/devkitPro/libctru/lib\libctru.a(svc.o)
                0x00105b84                svcCloseHandle
 .text.svcWaitSynchronization
                0x00105b8c        0x8 c:/devkitPro/libctru/lib\libctru.a(svc.o)
                0x00105b8c                svcWaitSynchronization
 .text.svcWaitSynchronizationN
                0x00105b94       0x28 c:/devkitPro/libctru/lib\libctru.a(svc.o)
                0x00105b94                svcWaitSynchronizationN
 .text.svcDuplicateHandle
                0x00105bbc       0x14 c:/devkitPro/libctru/lib\libctru.a(svc.o)
                0x00105bbc                svcDuplicateHandle
 .text.svcGetSystemTick
                0x00105bd0        0x8 c:/devkitPro/libctru/lib\libctru.a(svc.o)
                0x00105bd0                svcGetSystemTick
 .text.svcGetSystemInfo
                0x00105bd8       0x18 c:/devkitPro/libctru/lib\libctru.a(svc.o)
                0x00105bd8                svcGetSystemInfo
 .text.svcConnectToPort
                0x00105bf0       0x14 c:/devkitPro/libctru/lib\libctru.a(svc.o)
                0x00105bf0                svcConnectToPort
 .text.svcSendSyncRequest
                0x00105c04        0x8 c:/devkitPro/libctru/lib\libctru.a(svc.o)
                0x00105c04                svcSendSyncRequest
 .text.svcBreak
                0x00105c0c        0x8 c:/devkitPro/libctru/lib\libctru.a(svc.o)
                0x00105c0c                svcBreak
 .text.svcOutputDebugString
                0x00105c14        0x8 c:/devkitPro/libctru/lib\libctru.a(svc.o)
                0x00105c14                svcOutputDebugString
 .text._ZL21addrMapNodeComparatorPK11rbtree_nodeS1_
                0x00105c1c       0x24 c:/devkitPro/libctru/lib\libctru.a(linear.o)
 .text._ZL21addrMapNodeDestructorP11rbtree_node
                0x00105c40        0x4 c:/devkitPro/libctru/lib\libctru.a(linear.o)
 .text.linearMemAlign
                0x00105c44      0x140 c:/devkitPro/libctru/lib\libctru.a(linear.o)
                0x00105c44                linearMemAlign
 .text.linearAlloc
                0x00105d84        0x8 c:/devkitPro/libctru/lib\libctru.a(linear.o)
                0x00105d84                linearAlloc
 .text.linearFree
                0x00105d8c       0x50 c:/devkitPro/libctru/lib\libctru.a(linear.o)
                0x00105d8c                linearFree
 .text._ZL21addrMapNodeComparatorPK11rbtree_nodeS1_
                0x00105ddc       0x24 c:/devkitPro/libctru/lib\libctru.a(mappable.o)
 .text._ZL21addrMapNodeDestructorP11rbtree_node
                0x00105e00        0x4 c:/devkitPro/libctru/lib\libctru.a(mappable.o)
 .text.mappableAlloc
                0x00105e04       0xf4 c:/devkitPro/libctru/lib\libctru.a(mappable.o)
                0x00105e04                mappableAlloc
 .text.mappableFree
                0x00105ef8       0x50 c:/devkitPro/libctru/lib\libctru.a(mappable.o)
                0x00105ef8                mappableFree
 .text._ZN7MemPool13CoalesceRightEP8MemBlock
                0x00105f48       0xa0 c:/devkitPro/libctru/lib\libctru.a(mem_pool.o)
                0x00105f48                MemPool::CoalesceRight(MemBlock*)
 .text._ZN7MemPool8AllocateER8MemChunkmi
                0x00105fe8      0x18c c:/devkitPro/libctru/lib\libctru.a(mem_pool.o)
                0x00105fe8                MemPool::Allocate(MemChunk&, unsigned long, int)
 .text._ZN7MemPool10DeallocateERK8MemChunk
                0x00106174      0x104 c:/devkitPro/libctru/lib\libctru.a(mem_pool.o)
                0x00106174                MemPool::Deallocate(MemChunk const&)
 .text._ZL21addrMapNodeComparatorPK11rbtree_nodeS1_
                0x00106278       0x24 c:/devkitPro/libctru/lib\libctru.a(vram.o)
 .text._ZL21addrMapNodeDestructorP11rbtree_node
                0x0010629c        0x4 c:/devkitPro/libctru/lib\libctru.a(vram.o)
 .text.vramMemAlign
                0x001062a0      0x130 c:/devkitPro/libctru/lib\libctru.a(vram.o)
                0x001062a0                vramMemAlign
 .text.vramAlloc
                0x001063d0        0x8 c:/devkitPro/libctru/lib\libctru.a(vram.o)
                0x001063d0                vramAlloc
 .text.vramFree
                0x001063d8       0x50 c:/devkitPro/libctru/lib\libctru.a(vram.o)
                0x001063d8                vramFree
 .text.envGetHandle
                0x00106428       0x94 c:/devkitPro/libctru/lib\libctru.a(env.o)
                0x00106428                envGetHandle
 .text.envDestroyHandles
                0x001064bc       0x4c c:/devkitPro/libctru/lib\libctru.a(env.o)
                0x001064bc                envDestroyHandles
 .text.getSysTime
                0x00106508       0x58 c:/devkitPro/libctru/lib\libctru.a(os.o)
 .text.osGetMemRegionUsed
                0x00106560       0x24 c:/devkitPro/libctru/lib\libctru.a(os.o)
                0x00106560                osGetMemRegionUsed
 *fill*         0x00106584        0x4 
 .text.__libctru_gtod
                0x00106588       0xf8 c:/devkitPro/libctru/lib\libctru.a(os.o)
                0x00106588                __libctru_gtod
 .text.__ctru_speedup_config
                0x00106680       0x34 c:/devkitPro/libctru/lib\libctru.a(os.o)
                0x00106680                __ctru_speedup_config
 .text.srvExit  0x001066b4       0x50 c:/devkitPro/libctru/lib\libctru.a(srv.o)
                0x001066b4                srvExit
 .text.srvRegisterClient
                0x00106704       0x38 c:/devkitPro/libctru/lib\libctru.a(srv.o)
                0x00106704                srvRegisterClient
 .text.srvInit  0x0010673c       0x70 c:/devkitPro/libctru/lib\libctru.a(srv.o)
                0x0010673c                srvInit
 .text.srvGetServiceHandleDirect
                0x001067ac       0x68 c:/devkitPro/libctru/lib\libctru.a(srv.o)
                0x001067ac                srvGetServiceHandleDirect
 .text.srvGetServiceHandle
                0x00106814       0x38 c:/devkitPro/libctru/lib\libctru.a(srv.o)
                0x00106814                srvGetServiceHandle
 .text.LightLock_Unlock.part.1
                0x0010684c       0x34 c:/devkitPro/libctru/lib\libctru.a(synchronization.o)
 .text.__sync_init
                0x00106880        0xc c:/devkitPro/libctru/lib\libctru.a(synchronization.o)
                0x00106880                __sync_init
 .text.__sync_fini
                0x0010688c       0x18 c:/devkitPro/libctru/lib\libctru.a(synchronization.o)
                0x0010688c                __sync_fini
 .text.LightLock_Init
                0x001068a4       0x18 c:/devkitPro/libctru/lib\libctru.a(synchronization.o)
                0x001068a4                LightLock_Init
 .text.LightLock_Lock
                0x001068bc       0x94 c:/devkitPro/libctru/lib\libctru.a(synchronization.o)
                0x001068bc                LightLock_Lock
 .text.LightLock_TryLock
                0x00106950       0x34 c:/devkitPro/libctru/lib\libctru.a(synchronization.o)
                0x00106950                LightLock_TryLock
 .text.LightLock_Unlock
                0x00106984       0x20 c:/devkitPro/libctru/lib\libctru.a(synchronization.o)
                0x00106984                LightLock_Unlock
 .text.RecursiveLock_Init
                0x001069a4       0x24 c:/devkitPro/libctru/lib\libctru.a(synchronization.o)
                0x001069a4                RecursiveLock_Init
 .text.RecursiveLock_Lock
                0x001069c8       0x30 c:/devkitPro/libctru/lib\libctru.a(synchronization.o)
                0x001069c8                RecursiveLock_Lock
 .text.RecursiveLock_TryLock
                0x001069f8       0x58 c:/devkitPro/libctru/lib\libctru.a(synchronization.o)
                0x001069f8                RecursiveLock_TryLock
 .text.RecursiveLock_Unlock
                0x00106a50       0x38 c:/devkitPro/libctru/lib\libctru.a(synchronization.o)
                0x00106a50                RecursiveLock_Unlock
 .text.threadCreate
                0x00106a88      0x1c8 c:/devkitPro/libctru/lib\libctru.a(thread.o)
                0x00106a88                threadCreate
 .text.threadJoin
                0x00106c50       0x24 c:/devkitPro/libctru/lib\libctru.a(thread.o)
                0x00106c50                threadJoin
 .text.threadExit
                0x00106c74       0x6c c:/devkitPro/libctru/lib\libctru.a(thread.o)
                0x00106c74                threadExit
 .text._thread_begin
                0x00106ce0       0x3c c:/devkitPro/libctru/lib\libctru.a(thread.o)
 .text.ptmSysmInit
                0x00106d1c       0x70 c:/devkitPro/libctru/lib\libctru.a(ptmsysm.o)
                0x00106d1c                ptmSysmInit
 .text.ptmSysmExit
                0x00106d8c       0x34 c:/devkitPro/libctru/lib\libctru.a(ptmsysm.o)
                0x00106d8c                ptmSysmExit
 .text.PTMSYSM_ConfigureNew3DSCPU
                0x00106dc0       0x34 c:/devkitPro/libctru/lib\libctru.a(ptmsysm.o)
                0x00106dc0                PTMSYSM_ConfigureNew3DSCPU
 .text.rbtree_find
                0x00106df4       0x70 c:/devkitPro/libctru/lib\libctru.a(rbtree_find.o)
                0x00106df4                rbtree_find
 .text.rbtree_init
                0x00106e64       0x14 c:/devkitPro/libctru/lib\libctru.a(rbtree_init.o)
                0x00106e64                rbtree_init
 .text.do_insert
                0x00106e78      0x1d4 c:/devkitPro/libctru/lib\libctru.a(rbtree_insert.o)
 .text.rbtree_insert
                0x0010704c        0x8 c:/devkitPro/libctru/lib\libctru.a(rbtree_insert.o)
                0x0010704c                rbtree_insert
 .text.rbtree_remove
                0x00107054      0x35c c:/devkitPro/libctru/lib\libctru.a(rbtree_remove.o)
                0x00107054                rbtree_remove
 .text.rbtree_rotate
                0x001073b0       0xac c:/devkitPro/libctru/lib\libctru.a(rbtree_rotate.o)
                0x001073b0                rbtree_rotate
 .text.osGetMemRegionSize
                0x0010745c       0x58 c:/devkitPro/libctru/lib\libctru.a(allocateHeaps.o)
 .text.__system_allocateHeaps
                0x001074b4      0x124 c:/devkitPro/libctru/lib\libctru.a(allocateHeaps.o)
                0x001074b4                __system_allocateHeaps
 .text.__appExit
                0x001075d8       0x1c c:/devkitPro/libctru/lib\libctru.a(appExit.o)
                0x001075d8                __appExit
 .text.__appInit
                0x001075f4       0x1c c:/devkitPro/libctru/lib\libctru.a(appInit.o)
                0x001075f4                __appInit
 .text.__libctru_exit
                0x00107610       0xa4 c:/devkitPro/libctru/lib\libctru.a(ctru_exit.o)
                0x00107610                __libctru_exit
 .text.sdmc_link
                0x001076b4       0x10 c:/devkitPro/libctru/lib\libctru.a(sdmc_dev.o)
 .text.sdmc_dirreset
                0x001076c4       0x10 c:/devkitPro/libctru/lib\libctru.a(sdmc_dev.o)
 .text.sdmc_chmod
                0x001076d4       0x10 c:/devkitPro/libctru/lib\libctru.a(sdmc_dev.o)
 .text.sdmc_fchmod
                0x001076e4       0x10 c:/devkitPro/libctru/lib\libctru.a(sdmc_dev.o)
 .text.error_cmp
                0x001076f4       0x24 c:/devkitPro/libctru/lib\libctru.a(sdmc_dev.o)
 .text.sdmc_translate_error
                0x00107718       0x50 c:/devkitPro/libctru/lib\libctru.a(sdmc_dev.o)
 .text.sdmc_fsync
                0x00107768       0x34 c:/devkitPro/libctru/lib\libctru.a(sdmc_dev.o)
 .text.sdmc_ftruncate
                0x0010779c       0x54 c:/devkitPro/libctru/lib\libctru.a(sdmc_dev.o)
 .text.sdmc_statvfs
                0x001077f0       0xac c:/devkitPro/libctru/lib\libctru.a(sdmc_dev.o)
 .text.sdmc_dirclose
                0x0010789c       0x38 c:/devkitPro/libctru/lib\libctru.a(sdmc_dev.o)
 .text.sdmc_dirnext
                0x001078d4       0xe0 c:/devkitPro/libctru/lib\libctru.a(sdmc_dev.o)
 .text.sdmc_close
                0x001079b4       0x34 c:/devkitPro/libctru/lib\libctru.a(sdmc_dev.o)
 .text.sdmc_fstat
                0x001079e8       0x74 c:/devkitPro/libctru/lib\libctru.a(sdmc_dev.o)
 .text.sdmc_seek
                0x00107a5c       0xc0 c:/devkitPro/libctru/lib\libctru.a(sdmc_dev.o)
 .text.sdmc_read
                0x00107b1c       0x8c c:/devkitPro/libctru/lib\libctru.a(sdmc_dev.o)
 .text.sdmc_write
                0x00107ba8      0x108 c:/devkitPro/libctru/lib\libctru.a(sdmc_dev.o)
 .text.sdmc_utf16path
                0x00107cb0      0x1b4 c:/devkitPro/libctru/lib\libctru.a(sdmc_dev.o)
 .text.sdmc_rmdir
                0x00107e64       0x80 c:/devkitPro/libctru/lib\libctru.a(sdmc_dev.o)
 .text.sdmc_diropen
                0x00107ee4       0x9c c:/devkitPro/libctru/lib\libctru.a(sdmc_dev.o)
 .text.sdmc_chdir
                0x00107f80       0xa8 c:/devkitPro/libctru/lib\libctru.a(sdmc_dev.o)
 .text.sdmc_mkdir
                0x00108028       0x84 c:/devkitPro/libctru/lib\libctru.a(sdmc_dev.o)
 .text.sdmc_rename
                0x001080ac      0x138 c:/devkitPro/libctru/lib\libctru.a(sdmc_dev.o)
 .text.sdmc_unlink
                0x001081e4       0x80 c:/devkitPro/libctru/lib\libctru.a(sdmc_dev.o)
 .text.sdmc_stat
                0x00108264      0x120 c:/devkitPro/libctru/lib\libctru.a(sdmc_dev.o)
 .text.sdmc_open
                0x00108384      0x1ac c:/devkitPro/libctru/lib\libctru.a(sdmc_dev.o)
 .text.sdmcInit
                0x00108530      0x134 c:/devkitPro/libctru/lib\libctru.a(sdmc_dev.o)
                0x00108530                sdmcInit
 .text.sdmcExit
                0x00108664       0x50 c:/devkitPro/libctru/lib\libctru.a(sdmc_dev.o)
                0x00108664                sdmcExit
 .text.fsInit   0x001086b4       0xc8 c:/devkitPro/libctru/lib\libctru.a(fs.o)
                0x001086b4                fsInit
 .text.fsExit   0x0010877c       0x34 c:/devkitPro/libctru/lib\libctru.a(fs.o)
                0x0010877c                fsExit
 .text.FSUSER_OpenFile
                0x001087b0       0xdc c:/devkitPro/libctru/lib\libctru.a(fs.o)
                0x001087b0                FSUSER_OpenFile
 .text.FSUSER_DeleteFile
                0x0010888c       0xb8 c:/devkitPro/libctru/lib\libctru.a(fs.o)
                0x0010888c                FSUSER_DeleteFile
 .text.FSUSER_RenameFile
                0x00108944       0xf4 c:/devkitPro/libctru/lib\libctru.a(fs.o)
                0x00108944                FSUSER_RenameFile
 .text.FSUSER_DeleteDirectory
                0x00108a38       0xb8 c:/devkitPro/libctru/lib\libctru.a(fs.o)
                0x00108a38                FSUSER_DeleteDirectory
 .text.FSUSER_CreateFile
                0x00108af0       0xd0 c:/devkitPro/libctru/lib\libctru.a(fs.o)
                0x00108af0                FSUSER_CreateFile
 .text.FSUSER_CreateDirectory
                0x00108bc0       0xc0 c:/devkitPro/libctru/lib\libctru.a(fs.o)
                0x00108bc0                FSUSER_CreateDirectory
 .text.FSUSER_RenameDirectory
                0x00108c80       0xf4 c:/devkitPro/libctru/lib\libctru.a(fs.o)
                0x00108c80                FSUSER_RenameDirectory
 .text.FSUSER_OpenDirectory
                0x00108d74       0xc4 c:/devkitPro/libctru/lib\libctru.a(fs.o)
                0x00108d74                FSUSER_OpenDirectory
 .text.FSUSER_OpenArchive
                0x00108e38       0xbc c:/devkitPro/libctru/lib\libctru.a(fs.o)
                0x00108e38                FSUSER_OpenArchive
 .text.FSUSER_CloseArchive
                0x00108ef4       0x88 c:/devkitPro/libctru/lib\libctru.a(fs.o)
                0x00108ef4                FSUSER_CloseArchive
 .text.FSUSER_GetSdmcArchiveResource
                0x00108f7c       0x8c c:/devkitPro/libctru/lib\libctru.a(fs.o)
                0x00108f7c                FSUSER_GetSdmcArchiveResource
 .text.FSUSER_IsSdmcWritable
                0x00109008       0x64 c:/devkitPro/libctru/lib\libctru.a(fs.o)
                0x00109008                FSUSER_IsSdmcWritable
 .text.FSFILE_Read
                0x0010906c       0x5c c:/devkitPro/libctru/lib\libctru.a(fs.o)
                0x0010906c                FSFILE_Read
 .text.FSFILE_Write
                0x001090c8       0x64 c:/devkitPro/libctru/lib\libctru.a(fs.o)
                0x001090c8                FSFILE_Write
 .text.FSFILE_GetSize
                0x0010912c       0x3c c:/devkitPro/libctru/lib\libctru.a(fs.o)
                0x0010912c                FSFILE_GetSize
 .text.FSFILE_SetSize
                0x00109168       0x2c c:/devkitPro/libctru/lib\libctru.a(fs.o)
                0x00109168                FSFILE_SetSize
 .text.FSFILE_Close
                0x00109194       0x3c c:/devkitPro/libctru/lib\libctru.a(fs.o)
                0x00109194                FSFILE_Close
 .text.FSFILE_Flush
                0x001091d0       0x24 c:/devkitPro/libctru/lib\libctru.a(fs.o)
                0x001091d0                FSFILE_Flush
 .text.FSDIR_Read
                0x001091f4       0x54 c:/devkitPro/libctru/lib\libctru.a(fs.o)
                0x001091f4                FSDIR_Read
 .text.FSDIR_Close
                0x00109248       0x3c c:/devkitPro/libctru/lib\libctru.a(fs.o)
                0x00109248                FSDIR_Close
 .text.rbtree_node_next
                0x00109284       0x8c c:/devkitPro/libctru/lib\libctru.a(rbtree_iterator.o)
                0x00109284                rbtree_node_next
 .text.decode_utf8
                0x00109310      0x138 c:/devkitPro/libctru/lib\libctru.a(decode_utf8.o)
                0x00109310                decode_utf8
 .text.utf16_to_utf8
                0x00109448       0xe4 c:/devkitPro/libctru/lib\libctru.a(utf16_to_utf8.o)
                0x00109448                utf16_to_utf8
 .text.utf8_to_utf16
                0x0010952c       0xbc c:/devkitPro/libctru/lib\libctru.a(utf8_to_utf16.o)
                0x0010952c                utf8_to_utf16
 .text.__aeabi_read_tp
                0x001095e8        0xc c:/devkitPro/libctru/lib\libctru.a(readtp.o)
                0x001095e8                __aeabi_read_tp
 .text.decode_utf16
                0x001095f4       0x60 c:/devkitPro/libctru/lib\libctru.a(decode_utf16.o)
                0x001095f4                decode_utf16
 .text.encode_utf16
                0x00109654       0x68 c:/devkitPro/libctru/lib\libctru.a(encode_utf16.o)
                0x00109654                encode_utf16
 .text.encode_utf8
                0x001096bc      0x104 c:/devkitPro/libctru/lib\libctru.a(encode_utf8.o)
                0x001096bc                encode_utf8
 .text.bsearch  0x001097c0       0x78 c:/devkitpro/devkitarm/bin/../lib/gcc/arm-none-eabi/5.3.0/../../../../arm-none-eabi/lib/armv6k/fpu\libg.a(lib_a-bsearch.o)
                0x001097c0                bsearch
 .text.__libc_fini_array
                0x00109838       0x3c c:/devkitpro/devkitarm/bin/../lib/gcc/arm-none-eabi/5.3.0/../../../../arm-none-eabi/lib/armv6k/fpu\libg.a(lib_a-fini.o)
                0x00109838                __libc_fini_array
 .text.__libc_init_array
                0x00109874       0x78 c:/devkitpro/devkitarm/bin/../lib/gcc/arm-none-eabi/5.3.0/../../../../arm-none-eabi/lib/armv6k/fpu\libg.a(lib_a-init.o)
                0x00109874                __libc_init_array
 .text.iprintf  0x001098ec       0x38 c:/devkitpro/devkitarm/bin/../lib/gcc/arm-none-eabi/5.3.0/../../../../arm-none-eabi/lib/armv6k/fpu\libg.a(lib_a-iprintf.o)
                0x001098ec                iprintf
 .text.memalign
                0x00109924       0x20 c:/devkitpro/devkitarm/bin/../lib/gcc/arm-none-eabi/5.3.0/../../../../arm-none-eabi/lib/armv6k/fpu\libg.a(lib_a-malign.o)
                0x00109924                memalign
 .text._memalign_r
                0x00109944      0x15c c:/devkitpro/devkitarm/bin/../lib/gcc/arm-none-eabi/5.3.0/../../../../arm-none-eabi/lib/armv6k/fpu\libg.a(lib_a-malignr.o)
                0x00109944                _memalign_r
 .text.malloc   0x00109aa0       0x18 c:/devkitpro/devkitarm/bin/../lib/gcc/arm-none-eabi/5.3.0/../../../../arm-none-eabi/lib/armv6k/fpu\libg.a(lib_a-malloc.o)
                0x00109aa0                malloc
 .text.free     0x00109ab8       0x18 c:/devkitpro/devkitarm/bin/../lib/gcc/arm-none-eabi/5.3.0/../../../../arm-none-eabi/lib/armv6k/fpu\libg.a(lib_a-malloc.o)
                0x00109ab8                free
 .text._malloc_r
                0x00109ad0      0x7a8 c:/devkitpro/devkitarm/bin/../lib/gcc/arm-none-eabi/5.3.0/../../../../arm-none-eabi/lib/armv6k/fpu\libg.a(lib_a-mallocr.o)
                0x00109ad0                _malloc_r
 .text.memcpy   0x0010a278       0xf0 c:/devkitpro/devkitarm/bin/../lib/gcc/arm-none-eabi/5.3.0/../../../../arm-none-eabi/lib/armv6k/fpu\libg.a(lib_a-memcpy.o)
                0x0010a278                memcpy
 .text.memset   0x0010a368       0xf4 c:/devkitpro/devkitarm/bin/../lib/gcc/arm-none-eabi/5.3.0/../../../../arm-none-eabi/lib/armv6k/fpu\libg.a(lib_a-memset.o)
                0x0010a368                memset
 .text.__malloc_lock
                0x0010a45c        0xc c:/devkitpro/devkitarm/bin/../lib/gcc/arm-none-eabi/5.3.0/../../../../arm-none-eabi/lib/armv6k/fpu\libg.a(lib_a-mlock.o)
                0x0010a45c                __malloc_lock
 .text.__malloc_unlock
                0x0010a468        0xc c:/devkitpro/devkitarm/bin/../lib/gcc/arm-none-eabi/5.3.0/../../../../arm-none-eabi/lib/armv6k/fpu\libg.a(lib_a-mlock.o)
                0x0010a468                __malloc_unlock
 .text.printf   0x0010a474       0x38 c:/devkitpro/devkitarm/bin/../lib/gcc/arm-none-eabi/5.3.0/../../../../arm-none-eabi/lib/armv6k/fpu\libg.a(lib_a-printf.o)
                0x0010a474                printf
 .text.setvbuf  0x0010a4ac      0x1fc c:/devkitpro/devkitarm/bin/../lib/gcc/arm-none-eabi/5.3.0/../../../../arm-none-eabi/lib/armv6k/fpu\libg.a(lib_a-setvbuf.o)
                0x0010a4ac                setvbuf
 .text.sscanf   0x0010a6a8       0x74 c:/devkitpro/devkitarm/bin/../lib/gcc/arm-none-eabi/5.3.0/../../../../arm-none-eabi/lib/armv6k/fpu\libg.a(lib_a-sscanf.o)
                0x0010a6a8                sscanf
 .text.__sread  0x0010a71c       0x30 c:/devkitpro/devkitarm/bin/../lib/gcc/arm-none-eabi/5.3.0/../../../../arm-none-eabi/lib/armv6k/fpu\libg.a(lib_a-stdio.o)
                0x0010a71c                __sread
 .text.__seofread
                0x0010a74c        0x8 c:/devkitpro/devkitarm/bin/../lib/gcc/arm-none-eabi/5.3.0/../../../../arm-none-eabi/lib/armv6k/fpu\libg.a(lib_a-stdio.o)
                0x0010a74c                __seofread
 .text.__swrite
                0x0010a754       0x54 c:/devkitpro/devkitarm/bin/../lib/gcc/arm-none-eabi/5.3.0/../../../../arm-none-eabi/lib/armv6k/fpu\libg.a(lib_a-stdio.o)
                0x0010a754                __swrite
 .text.__sseek  0x0010a7a8       0x2c c:/devkitpro/devkitarm/bin/../lib/gcc/arm-none-eabi/5.3.0/../../../../arm-none-eabi/lib/armv6k/fpu\libg.a(lib_a-stdio.o)
                0x0010a7a8                __sseek
 .text.__sclose
                0x0010a7d4        0x8 c:/devkitpro/devkitarm/bin/../lib/gcc/arm-none-eabi/5.3.0/../../../../arm-none-eabi/lib/armv6k/fpu\libg.a(lib_a-stdio.o)
                0x0010a7d4                __sclose
 .text.strchr   0x0010a7dc      0x15c c:/devkitpro/devkitarm/bin/../lib/gcc/arm-none-eabi/5.3.0/../../../../arm-none-eabi/lib/armv6k/fpu\libg.a(lib_a-strchr.o)
                0x0010a7dc                strchr
 .text.strlen   0x0010a938       0x5c c:/devkitpro/devkitarm/bin/../lib/gcc/arm-none-eabi/5.3.0/../../../../arm-none-eabi/lib/armv6k/fpu\libg.a(lib_a-strlen.o)
                0x0010a938                strlen
 .text.strncat  0x0010a994       0xa4 c:/devkitpro/devkitarm/bin/../lib/gcc/arm-none-eabi/5.3.0/../../../../arm-none-eabi/lib/armv6k/fpu\libg.a(lib_a-strncat.o)
                0x0010a994                strncat
 .text.strncpy  0x0010aa38       0xe0 c:/devkitpro/devkitarm/bin/../lib/gcc/arm-none-eabi/5.3.0/../../../../arm-none-eabi/lib/armv6k/fpu\libg.a(lib_a-strncpy.o)
                0x0010aa38                strncpy
 .text.__ssvfscanf_r
                0x0010ab18     0x2c20 c:/devkitpro/devkitarm/bin/../lib/gcc/arm-none-eabi/5.3.0/../../../../arm-none-eabi/lib/armv6k/fpu\libg.a(lib_a-svfscanf.o)
                0x0010ab18                __ssvfscanf_r
 .text.get_arg  0x0010d738     0x161c c:/devkitpro/devkitarm/bin/../lib/gcc/arm-none-eabi/5.3.0/../../../../arm-none-eabi/lib/armv6k/fpu\libg.a(lib_a-vfiprintf.o)
 .text.__sprint_r.part.0
                0x0010ed54       0xa4 c:/devkitpro/devkitarm/bin/../lib/gcc/arm-none-eabi/5.3.0/../../../../arm-none-eabi/lib/armv6k/fpu\libg.a(lib_a-vfiprintf.o)
 .text.__sprint_r
                0x0010edf8       0x1c c:/devkitpro/devkitarm/bin/../lib/gcc/arm-none-eabi/5.3.0/../../../../arm-none-eabi/lib/armv6k/fpu\libg.a(lib_a-vfiprintf.o)
                0x0010edf8                __sprint_r
 .text._vfiprintf_r
                0x0010ee14     0x3464 c:/devkitpro/devkitarm/bin/../lib/gcc/arm-none-eabi/5.3.0/../../../../arm-none-eabi/lib/armv6k/fpu\libg.a(lib_a-vfiprintf.o)
                0x0010ee14                _vfiprintf_r
 .text.__sbprintf
                0x00112278       0xcc c:/devkitpro/devkitarm/bin/../lib/gcc/arm-none-eabi/5.3.0/../../../../arm-none-eabi/lib/armv6k/fpu\libg.a(lib_a-vfiprintf.o)
 .text.get_arg  0x00112344     0x161c c:/devkitpro/devkitarm/bin/../lib/gcc/arm-none-eabi/5.3.0/../../../../arm-none-eabi/lib/armv6k/fpu\libg.a(lib_a-vfprintf.o)
 .text._vfprintf_r
                0x00113960     0x4878 c:/devkitpro/devkitarm/bin/../lib/gcc/arm-none-eabi/5.3.0/../../../../arm-none-eabi/lib/armv6k/fpu\libg.a(lib_a-vfprintf.o)
                0x00113960                _vfprintf_r
 .text.__sbprintf
                0x001181d8       0xcc c:/devkitpro/devkitarm/bin/../lib/gcc/arm-none-eabi/5.3.0/../../../../arm-none-eabi/lib/armv6k/fpu\libg.a(lib_a-vfprintf.o)
 .text._wcrtomb_r
                0x001182a4       0x8c c:/devkitpro/devkitarm/bin/../lib/gcc/arm-none-eabi/5.3.0/../../../../arm-none-eabi/lib/armv6k/fpu\libg.a(lib_a-wcrtomb.o)
                0x001182a4                _wcrtomb_r
 .text._wcsrtombs_r
                0x00118330       0x20 c:/devkitpro/devkitarm/bin/../lib/gcc/arm-none-eabi/5.3.0/../../../../arm-none-eabi/lib/armv6k/fpu\libg.a(lib_a-wcsrtombs.o)
                0x00118330                _wcsrtombs_r
 .text.__utf8_wctomb
                0x00118350      0x114 c:/devkitpro/devkitarm/bin/../lib/gcc/arm-none-eabi/5.3.0/../../../../arm-none-eabi/lib/armv6k/fpu\libg.a(lib_a-wctomb_r.o)
                0x00118350                __utf8_wctomb
 .text.__swsetup_r
                0x00118464      0x148 c:/devkitpro/devkitarm/bin/../lib/gcc/arm-none-eabi/5.3.0/../../../../arm-none-eabi/lib/armv6k/fpu\libg.a(lib_a-wsetup.o)
                0x00118464                __swsetup_r
 .text.quorem   0x001185ac      0x1bc c:/devkitpro/devkitarm/bin/../lib/gcc/arm-none-eabi/5.3.0/../../../../arm-none-eabi/lib/armv6k/fpu\libg.a(lib_a-dtoa.o)
 .text._dtoa_r  0x00118768     0x12c8 c:/devkitpro/devkitarm/bin/../lib/gcc/arm-none-eabi/5.3.0/../../../../arm-none-eabi/lib/armv6k/fpu\libg.a(lib_a-dtoa.o)
                0x00118768                _dtoa_r
 .text.__sflush_r
                0x00119a30      0x230 c:/devkitpro/devkitarm/bin/../lib/gcc/arm-none-eabi/5.3.0/../../../../arm-none-eabi/lib/armv6k/fpu\libg.a(lib_a-fflush.o)
                0x00119a30                __sflush_r
 .text._fflush_r
                0x00119c60       0x90 c:/devkitpro/devkitarm/bin/../lib/gcc/arm-none-eabi/5.3.0/../../../../arm-none-eabi/lib/armv6k/fpu\libg.a(lib_a-fflush.o)
                0x00119c60                _fflush_r
 .text._cleanup_r
                0x00119cf0        0xc c:/devkitpro/devkitarm/bin/../lib/gcc/arm-none-eabi/5.3.0/../../../../arm-none-eabi/lib/armv6k/fpu\libg.a(lib_a-findfp.o)
                0x00119cf0                _cleanup_r
 .text.std.isra.0
                0x00119cfc       0x80 c:/devkitpro/devkitarm/bin/../lib/gcc/arm-none-eabi/5.3.0/../../../../arm-none-eabi/lib/armv6k/fpu\libg.a(lib_a-findfp.o)
 .text.__sinit  0x00119d7c       0x8c c:/devkitpro/devkitarm/bin/../lib/gcc/arm-none-eabi/5.3.0/../../../../arm-none-eabi/lib/armv6k/fpu\libg.a(lib_a-findfp.o)
                0x00119d7c                __sinit
 .text.__sfp_lock_acquire
                0x00119e08        0xc c:/devkitpro/devkitarm/bin/../lib/gcc/arm-none-eabi/5.3.0/../../../../arm-none-eabi/lib/armv6k/fpu\libg.a(lib_a-findfp.o)
                0x00119e08                __sfp_lock_acquire
 .text.__sfp_lock_release
                0x00119e14        0xc c:/devkitpro/devkitarm/bin/../lib/gcc/arm-none-eabi/5.3.0/../../../../arm-none-eabi/lib/armv6k/fpu\libg.a(lib_a-findfp.o)
                0x00119e14                __sfp_lock_release
 .text.__fputwc
                0x00119e20      0x124 c:/devkitpro/devkitarm/bin/../lib/gcc/arm-none-eabi/5.3.0/../../../../arm-none-eabi/lib/armv6k/fpu\libg.a(lib_a-fputwc.o)
                0x00119e20                __fputwc
 .text._fputwc_r
                0x00119f44       0xa8 c:/devkitpro/devkitarm/bin/../lib/gcc/arm-none-eabi/5.3.0/../../../../arm-none-eabi/lib/armv6k/fpu\libg.a(lib_a-fputwc.o)
                0x00119f44                _fputwc_r
 .text._malloc_trim_r
                0x00119fec       0xf8 c:/devkitpro/devkitarm/bin/../lib/gcc/arm-none-eabi/5.3.0/../../../../arm-none-eabi/lib/armv6k/fpu\libg.a(lib_a-freer.o)
                0x00119fec                _malloc_trim_r
 .text._free_r  0x0011a0e4      0x2e4 c:/devkitpro/devkitarm/bin/../lib/gcc/arm-none-eabi/5.3.0/../../../../arm-none-eabi/lib/armv6k/fpu\libg.a(lib_a-freer.o)
                0x0011a0e4                _free_r
 .text.__sfvwrite_r
                0x0011a3c8      0x4a4 c:/devkitpro/devkitarm/bin/../lib/gcc/arm-none-eabi/5.3.0/../../../../arm-none-eabi/lib/armv6k/fpu\libg.a(lib_a-fvwrite.o)
                0x0011a3c8                __sfvwrite_r
 .text._fwalk_reent
                0x0011a86c       0x80 c:/devkitpro/devkitarm/bin/../lib/gcc/arm-none-eabi/5.3.0/../../../../arm-none-eabi/lib/armv6k/fpu\libg.a(lib_a-fwalk.o)
                0x0011a86c                _fwalk_reent
 .text.iswspace
                0x0011a8ec       0x74 c:/devkitpro/devkitarm/bin/../lib/gcc/arm-none-eabi/5.3.0/../../../../arm-none-eabi/lib/armv6k/fpu\libg.a(lib_a-iswspace.o)
                0x0011a8ec                iswspace
 .text.__jp2uc  0x0011a960      0x204 c:/devkitpro/devkitarm/bin/../lib/gcc/arm-none-eabi/5.3.0/../../../../arm-none-eabi/lib/armv6k/fpu\libg.a(lib_a-jp2uc.o)
 .text._jp2uc   0x0011ab64       0x84 c:/devkitpro/devkitarm/bin/../lib/gcc/arm-none-eabi/5.3.0/../../../../arm-none-eabi/lib/armv6k/fpu\libg.a(lib_a-jp2uc.o)
                0x0011ab64                _jp2uc
 .text.__locale_charset
                0x0011abe8        0xc c:/devkitpro/devkitarm/bin/../lib/gcc/arm-none-eabi/5.3.0/../../../../arm-none-eabi/lib/armv6k/fpu\libg.a(lib_a-locale.o)
                0x0011abe8                __locale_charset
 .text.__locale_mb_cur_max
                0x0011abf4       0x10 c:/devkitpro/devkitarm/bin/../lib/gcc/arm-none-eabi/5.3.0/../../../../arm-none-eabi/lib/armv6k/fpu\libg.a(lib_a-locale.o)
                0x0011abf4                __locale_mb_cur_max
 .text._localeconv_r
                0x0011ac04        0xc c:/devkitpro/devkitarm/bin/../lib/gcc/arm-none-eabi/5.3.0/../../../../arm-none-eabi/lib/armv6k/fpu\libg.a(lib_a-locale.o)
                0x0011ac04                _localeconv_r
 .text.__smakebuf_r
                0x0011ac10      0x160 c:/devkitpro/devkitarm/bin/../lib/gcc/arm-none-eabi/5.3.0/../../../../arm-none-eabi/lib/armv6k/fpu\libg.a(lib_a-makebuf.o)
                0x0011ac10                __smakebuf_r
 .text._mbrtowc_r
                0x0011ad70       0x98 c:/devkitpro/devkitarm/bin/../lib/gcc/arm-none-eabi/5.3.0/../../../../arm-none-eabi/lib/armv6k/fpu\libg.a(lib_a-mbrtowc.o)
                0x0011ad70                _mbrtowc_r
 .text.__utf8_mbtowc
                0x0011ae08      0x2fc c:/devkitpro/devkitarm/bin/../lib/gcc/arm-none-eabi/5.3.0/../../../../arm-none-eabi/lib/armv6k/fpu\libg.a(lib_a-mbtowc_r.o)
                0x0011ae08                __utf8_mbtowc
 .text.memchr   0x0011b104      0x100 c:/devkitpro/devkitarm/bin/../lib/gcc/arm-none-eabi/5.3.0/../../../../arm-none-eabi/lib/armv6k/fpu\libg.a(lib_a-memchr.o)
                0x0011b104                memchr
 .text.memmove  0x0011b204      0x128 c:/devkitpro/devkitarm/bin/../lib/gcc/arm-none-eabi/5.3.0/../../../../arm-none-eabi/lib/armv6k/fpu\libg.a(lib_a-memmove.o)
                0x0011b204                memmove
 .text._Balloc  0x0011b32c       0x8c c:/devkitpro/devkitarm/bin/../lib/gcc/arm-none-eabi/5.3.0/../../../../arm-none-eabi/lib/armv6k/fpu\libg.a(lib_a-mprec.o)
                0x0011b32c                _Balloc
 .text._Bfree   0x0011b3b8       0x1c c:/devkitpro/devkitarm/bin/../lib/gcc/arm-none-eabi/5.3.0/../../../../arm-none-eabi/lib/armv6k/fpu\libg.a(lib_a-mprec.o)
                0x0011b3b8                _Bfree
 .text.__multadd
                0x0011b3d4       0xd0 c:/devkitpro/devkitarm/bin/../lib/gcc/arm-none-eabi/5.3.0/../../../../arm-none-eabi/lib/armv6k/fpu\libg.a(lib_a-mprec.o)
                0x0011b3d4                __multadd
 .text.__s2b    0x0011b4a4       0xe4 c:/devkitpro/devkitarm/bin/../lib/gcc/arm-none-eabi/5.3.0/../../../../arm-none-eabi/lib/armv6k/fpu\libg.a(lib_a-mprec.o)
                0x0011b4a4                __s2b
 .text.__hi0bits
                0x0011b588       0x5c c:/devkitpro/devkitarm/bin/../lib/gcc/arm-none-eabi/5.3.0/../../../../arm-none-eabi/lib/armv6k/fpu\libg.a(lib_a-mprec.o)
                0x0011b588                __hi0bits
 .text.__lo0bits
                0x0011b5e4       0x98 c:/devkitpro/devkitarm/bin/../lib/gcc/arm-none-eabi/5.3.0/../../../../arm-none-eabi/lib/armv6k/fpu\libg.a(lib_a-mprec.o)
                0x0011b5e4                __lo0bits
 .text.__i2b    0x0011b67c       0x20 c:/devkitpro/devkitarm/bin/../lib/gcc/arm-none-eabi/5.3.0/../../../../arm-none-eabi/lib/armv6k/fpu\libg.a(lib_a-mprec.o)
                0x0011b67c                __i2b
 .text.__multiply
                0x0011b69c      0x1dc c:/devkitpro/devkitarm/bin/../lib/gcc/arm-none-eabi/5.3.0/../../../../arm-none-eabi/lib/armv6k/fpu\libg.a(lib_a-mprec.o)
                0x0011b69c                __multiply
 .text.__pow5mult
                0x0011b878      0x100 c:/devkitpro/devkitarm/bin/../lib/gcc/arm-none-eabi/5.3.0/../../../../arm-none-eabi/lib/armv6k/fpu\libg.a(lib_a-mprec.o)
                0x0011b878                __pow5mult
 .text.__lshift
                0x0011b978       0xf0 c:/devkitpro/devkitarm/bin/../lib/gcc/arm-none-eabi/5.3.0/../../../../arm-none-eabi/lib/armv6k/fpu\libg.a(lib_a-mprec.o)
                0x0011b978                __lshift
 .text.__mcmp   0x0011ba68       0x64 c:/devkitpro/devkitarm/bin/../lib/gcc/arm-none-eabi/5.3.0/../../../../arm-none-eabi/lib/armv6k/fpu\libg.a(lib_a-mprec.o)
                0x0011ba68                __mcmp
 .text.__mdiff  0x0011bacc      0x198 c:/devkitpro/devkitarm/bin/../lib/gcc/arm-none-eabi/5.3.0/../../../../arm-none-eabi/lib/armv6k/fpu\libg.a(lib_a-mprec.o)
                0x0011bacc                __mdiff
 .text.__ulp    0x0011bc64       0x78 c:/devkitpro/devkitarm/bin/../lib/gcc/arm-none-eabi/5.3.0/../../../../arm-none-eabi/lib/armv6k/fpu\libg.a(lib_a-mprec.o)
                0x0011bc64                __ulp
 .text.__b2d    0x0011bcdc       0xd4 c:/devkitpro/devkitarm/bin/../lib/gcc/arm-none-eabi/5.3.0/../../../../arm-none-eabi/lib/armv6k/fpu\libg.a(lib_a-mprec.o)
                0x0011bcdc                __b2d
 .text.__d2b    0x0011bdb0      0x104 c:/devkitpro/devkitarm/bin/../lib/gcc/arm-none-eabi/5.3.0/../../../../arm-none-eabi/lib/armv6k/fpu\libg.a(lib_a-mprec.o)
                0x0011bdb0                __d2b
 .text.__ratio  0x0011beb4       0x78 c:/devkitpro/devkitarm/bin/../lib/gcc/arm-none-eabi/5.3.0/../../../../arm-none-eabi/lib/armv6k/fpu\libg.a(lib_a-mprec.o)
                0x0011beb4                __ratio
 .text.__copybits
                0x0011bf2c       0x6c c:/devkitpro/devkitarm/bin/../lib/gcc/arm-none-eabi/5.3.0/../../../../arm-none-eabi/lib/armv6k/fpu\libg.a(lib_a-mprec.o)
                0x0011bf2c                __copybits
 .text.__any_on
                0x0011bf98       0x80 c:/devkitpro/devkitarm/bin/../lib/gcc/arm-none-eabi/5.3.0/../../../../arm-none-eabi/lib/armv6k/fpu\libg.a(lib_a-mprec.o)
                0x0011bf98                __any_on
 .text._realloc_r
                0x0011c018      0x4c0 c:/devkitpro/devkitarm/bin/../lib/gcc/arm-none-eabi/5.3.0/../../../../arm-none-eabi/lib/armv6k/fpu\libg.a(lib_a-reallocr.o)
                0x0011c018                _realloc_r
 .text.__sccl   0x0011c4d8       0xd0 c:/devkitpro/devkitarm/bin/../lib/gcc/arm-none-eabi/5.3.0/../../../../arm-none-eabi/lib/armv6k/fpu\libg.a(lib_a-sccl.o)
                0x0011c4d8                __sccl
 .text.nanf     0x0011c5a8        0xc c:/devkitpro/devkitarm/bin/../lib/gcc/arm-none-eabi/5.3.0/../../../../arm-none-eabi/lib/armv6k/fpu\libg.a(lib_a-sf_nan.o)
                0x0011c5a8                nanf
 .text.__fpclassifyd
                0x0011c5b4       0x74 c:/devkitpro/devkitarm/bin/../lib/gcc/arm-none-eabi/5.3.0/../../../../arm-none-eabi/lib/armv6k/fpu\libg.a(lib_a-s_fpclassify.o)
                0x0011c5b4                __fpclassifyd
 .text.frexp    0x0011c628       0x98 c:/devkitpro/devkitarm/bin/../lib/gcc/arm-none-eabi/5.3.0/../../../../arm-none-eabi/lib/armv6k/fpu\libg.a(lib_a-s_frexp.o)
                0x0011c628                frexp
 .text.sprintf  0x0011c6c0       0x68 c:/devkitpro/devkitarm/bin/../lib/gcc/arm-none-eabi/5.3.0/../../../../arm-none-eabi/lib/armv6k/fpu\libg.a(lib_a-sprintf.o)
                0x0011c6c0                sprintf
 .text.stpncpy  0x0011c728      0x108 c:/devkitpro/devkitarm/bin/../lib/gcc/arm-none-eabi/5.3.0/../../../../arm-none-eabi/lib/armv6k/fpu\libg.a(lib_a-stpncpy.o)
                0x0011c728                stpncpy
 .text.strncmp  0x0011c830      0x11c c:/devkitpro/devkitarm/bin/../lib/gcc/arm-none-eabi/5.3.0/../../../../arm-none-eabi/lib/armv6k/fpu\libg.a(lib_a-strncmp.o)
                0x0011c830                strncmp
 .text.unlikely.sulp
                0x0011c94c       0x58 c:/devkitpro/devkitarm/bin/../lib/gcc/arm-none-eabi/5.3.0/../../../../arm-none-eabi/lib/armv6k/fpu\libg.a(lib_a-strtod.o)
 *fill*         0x0011c9a4        0x4 
 .text._strtod_r
                0x0011c9a8     0x1450 c:/devkitpro/devkitarm/bin/../lib/gcc/arm-none-eabi/5.3.0/../../../../arm-none-eabi/lib/armv6k/fpu\libg.a(lib_a-strtod.o)
                0x0011c9a8                _strtod_r
 .text._strtoll_r
                0x0011ddf8      0x25c c:/devkitpro/devkitarm/bin/../lib/gcc/arm-none-eabi/5.3.0/../../../../arm-none-eabi/lib/armv6k/fpu\libg.a(lib_a-strtoll_r.o)
                0x0011ddf8                _strtoll_r
 .text._strtol_r
                0x0011e054      0x1d4 c:/devkitpro/devkitarm/bin/../lib/gcc/arm-none-eabi/5.3.0/../../../../arm-none-eabi/lib/armv6k/fpu\libg.a(lib_a-strtol.o)
                0x0011e054                _strtol_r
 .text._strtoull_r
                0x0011e228      0x268 c:/devkitpro/devkitarm/bin/../lib/gcc/arm-none-eabi/5.3.0/../../../../arm-none-eabi/lib/armv6k/fpu\libg.a(lib_a-strtoull_r.o)
                0x0011e228                _strtoull_r
 .text._strtoul_r
                0x0011e490      0x1d4 c:/devkitpro/devkitarm/bin/../lib/gcc/arm-none-eabi/5.3.0/../../../../arm-none-eabi/lib/armv6k/fpu\libg.a(lib_a-strtoul.o)
                0x0011e490                _strtoul_r
 .text.__ssprint_r
                0x0011e664      0x1a8 c:/devkitpro/devkitarm/bin/../lib/gcc/arm-none-eabi/5.3.0/../../../../arm-none-eabi/lib/armv6k/fpu\libg.a(lib_a-svfiprintf.o)
                0x0011e664                __ssprint_r
 .text._sungetc_r
                0x0011e80c       0xf8 c:/devkitpro/devkitarm/bin/../lib/gcc/arm-none-eabi/5.3.0/../../../../arm-none-eabi/lib/armv6k/fpu\libg.a(lib_a-svfiscanf.o)
                0x0011e80c                _sungetc_r
 .text.__ssrefill_r
                0x0011e904       0x6c c:/devkitpro/devkitarm/bin/../lib/gcc/arm-none-eabi/5.3.0/../../../../arm-none-eabi/lib/armv6k/fpu\libg.a(lib_a-svfiscanf.o)
                0x0011e904                __ssrefill_r
 .text._sfread_r
                0x0011e970       0xc8 c:/devkitpro/devkitarm/bin/../lib/gcc/arm-none-eabi/5.3.0/../../../../arm-none-eabi/lib/armv6k/fpu\libg.a(lib_a-svfiscanf.o)
                0x0011e970                _sfread_r
 .text.get_arg  0x0011ea38     0x161c c:/devkitpro/devkitarm/bin/../lib/gcc/arm-none-eabi/5.3.0/../../../../arm-none-eabi/lib/armv6k/fpu\libg.a(lib_a-svfprintf.o)
 *fill*         0x00120054        0x4 
 .text._svfprintf_r
                0x00120058     0x4a00 c:/devkitpro/devkitarm/bin/../lib/gcc/arm-none-eabi/5.3.0/../../../../arm-none-eabi/lib/armv6k/fpu\libg.a(lib_a-svfprintf.o)
                0x00120058                _svfprintf_r
 .text.__submore
                0x00124a58       0xa8 c:/devkitpro/devkitarm/bin/../lib/gcc/arm-none-eabi/5.3.0/../../../../arm-none-eabi/lib/armv6k/fpu\libg.a(lib_a-ungetc.o)
                0x00124a58                __submore
 .text.__swbuf_r
                0x00124b00      0x124 c:/devkitpro/devkitarm/bin/../lib/gcc/arm-none-eabi/5.3.0/../../../../arm-none-eabi/lib/armv6k/fpu\libg.a(lib_a-wbuf.o)
                0x00124b00                __swbuf_r
 .text._wcsnrtombs_r
                0x00124c24      0x190 c:/devkitpro/devkitarm/bin/../lib/gcc/arm-none-eabi/5.3.0/../../../../arm-none-eabi/lib/armv6k/fpu\libg.a(lib_a-wcsnrtombs.o)
                0x00124c24                _wcsnrtombs_r
 .text._calloc_r
                0x00124db4       0x90 c:/devkitpro/devkitarm/bin/../lib/gcc/arm-none-eabi/5.3.0/../../../../arm-none-eabi/lib/armv6k/fpu\libg.a(lib_a-callocr.o)
                0x00124db4                _calloc_r
 .text._fclose_r
                0x00124e44      0x120 c:/devkitpro/devkitarm/bin/../lib/gcc/arm-none-eabi/5.3.0/../../../../arm-none-eabi/lib/armv6k/fpu\libg.a(lib_a-fclose.o)
                0x00124e44                _fclose_r
 .text.rshift   0x00124f64       0xec c:/devkitpro/devkitarm/bin/../lib/gcc/arm-none-eabi/5.3.0/../../../../arm-none-eabi/lib/armv6k/fpu\libg.a(lib_a-gdtoa-gethex.o)
 .text.__gethex
                0x00125050      0x7d0 c:/devkitpro/devkitarm/bin/../lib/gcc/arm-none-eabi/5.3.0/../../../../arm-none-eabi/lib/armv6k/fpu\libg.a(lib_a-gdtoa-gethex.o)
                0x00125050                __gethex
 .text.__hexnan
                0x00125820      0x258 c:/devkitpro/devkitarm/bin/../lib/gcc/arm-none-eabi/5.3.0/../../../../arm-none-eabi/lib/armv6k/fpu\libg.a(lib_a-gdtoa-hexnan.o)
                0x00125820                __hexnan
 .text.__errno  0x00125a78        0xc c:/devkitpro/devkitarm/bin/../lib/gcc/arm-none-eabi/5.3.0/../../../../arm-none-eabi/lib/armv6k/fpu\libg.a(lib_a-errno.o)
                0x00125a78                __errno
 .text.strnlen  0x00125a84       0x5c c:/devkitpro/devkitarm/bin/../lib/gcc/arm-none-eabi/5.3.0/../../../../arm-none-eabi/lib/armv6k/fpu\libg.a(lib_a-strnlen.o)
                0x00125a84                strnlen
 .text.strrchr  0x00125ae0       0x44 c:/devkitpro/devkitarm/bin/../lib/gcc/arm-none-eabi/5.3.0/../../../../arm-none-eabi/lib/armv6k/fpu\libg.a(lib_a-strrchr.o)
                0x00125ae0                strrchr
 *(.glue_7)
 .glue_7        0x00125b24        0x0 linker stubs
 *(.glue_7t)
 .glue_7t       0x00125b24        0x0 linker stubs
 *(.stub)
 *(.gnu.warning)
 *(.gnu.linkonce.t*)
                0x00125b24                . = ALIGN (0x4)
 *(.fini)
 .fini          0x00125b24        0xc c:/devkitpro/devkitarm/bin/../lib/gcc/arm-none-eabi/5.3.0/armv6k/fpu/crti.o
                0x00125b24                _fini
 .fini          0x00125b30        0xc c:/devkitpro/devkitarm/bin/../lib/gcc/arm-none-eabi/5.3.0/armv6k/fpu/crtn.o
                0x00125b3c                . = ALIGN (0x4)

.vfp11_veneer   0x00125b3c        0x0
 .vfp11_veneer  0x00125b3c        0x0 linker stubs

.v4_bx          0x00125b3c        0x0
 .v4_bx         0x00125b3c        0x0 linker stubs

.iplt           0x00125b3c        0x0
 .iplt          0x00125b3c        0x0 c:/devkitpro/devkitarm/bin/../lib/gcc/arm-none-eabi/5.3.0/../../../../arm-none-eabi/lib/armv6k/fpu/3dsx_crt0.o

.rodata         0x00126000     0x4c58
 *(.rodata)
 .rodata        0x00126000      0x400 main.o
 .rodata        0x00126400      0x168 c:/devkitPro/libctru/lib\libctru.a(console.o)
 .rodata        0x00126568       0x1c c:/devkitPro/libctru/lib\libctru.a(gfx.o)
 .rodata        0x00126584        0xc c:/devkitPro/libctru/lib\libctru.a(apt.o)
 .rodata        0x00126590      0x804 c:/devkitPro/libctru/lib\libctru.a(default_font.bin.o)
                0x00126590                default_font_bin
                0x00126d90                default_font_bin_size
                0x00126d90                default_font_bin_end
 .rodata        0x00126d94       0x30 c:/devkitPro/libctru/lib\libctru.a(sdmc_dev.o)
 .rodata        0x00126dc4       0x68 c:/devkitpro/devkitarm/bin/../lib/gcc/arm-none-eabi/5.3.0/../../../../arm-none-eabi/lib/armv6k/fpu\libsysbase.a(iosupport.o)
                0x00126dc4                dotab_stdnull
 .rodata        0x00126e2c        0xc c:/devkitpro/devkitarm/bin/../lib/gcc/arm-none-eabi/5.3.0/../../../../arm-none-eabi/lib/armv6k/fpu\libsysbase.a(chdir.o)
                0x00126e2c                DIRECTORY_PARENT
                0x00126e30                DIRECTORY_THIS
                0x00126e34                DIRECTORY_SEPARATOR
 *(.roda)
 *(.rodata.*)
 .rodata.str1.4
                0x00126e38      0x126 main.o
                                0x128 (size before relaxing)
 *fill*         0x00126f5e        0x2 
 .rodata.str1.4
                0x00126f60       0x70 c:/devkitPro/libctru/lib\libctru.a(console.o)
 .rodata.str1.4
                0x00126fd0       0x16 c:/devkitPro/libctru/lib\libctru.a(apt.o)
                                 0x18 (size before relaxing)
 *fill*         0x00126fe6        0x2 
 .rodata.str1.4
                0x00126fe8        0x9 c:/devkitPro/libctru/lib\libctru.a(gspgpu.o)
                                  0xc (size before relaxing)
 *fill*         0x00126ff1        0x3 
 .rodata.str1.4
                0x00126ff4       0x15 c:/devkitPro/libctru/lib\libctru.a(hid.o)
                                 0x18 (size before relaxing)
 *fill*         0x00127009        0x3 
 .rodata.str1.4
                0x0012700c        0x7 c:/devkitPro/libctru/lib\libctru.a(irrst.o)
                                  0x8 (size before relaxing)
 *fill*         0x00127013        0x1 
 .rodata.str1.4
                0x00127014        0x5 c:/devkitPro/libctru/lib\libctru.a(srv.o)
                                  0x8 (size before relaxing)
 *fill*         0x00127019        0x3 
 .rodata.str1.4
                0x0012701c        0x2 c:/devkitPro/libctru/lib\libctru.a(thread.o)
                                  0x4 (size before relaxing)
 *fill*         0x0012701e        0x2 
 .rodata.str1.4
                0x00127020        0x9 c:/devkitPro/libctru/lib\libctru.a(ptmsysm.o)
                                  0xc (size before relaxing)
 *fill*         0x00127029        0x3 
 .rodata.str1.4
                0x0012702c        0x5 c:/devkitPro/libctru/lib\libctru.a(sdmc_dev.o)
                                  0xc (size before relaxing)
 *fill*         0x00127031        0x3 
 .rodata.str1.4
                0x00127034        0x8 c:/devkitPro/libctru/lib\libctru.a(fs.o)
                                  0xc (size before relaxing)
 .rodata.str1.4
                0x0012703c        0x4 c:/devkitpro/devkitarm/bin/../lib/gcc/arm-none-eabi/5.3.0/../../../../arm-none-eabi/lib/armv6k/fpu\libg.a(lib_a-impure.o)
 .rodata.basefix.7044
                0x0012703c       0x24 c:/devkitpro/devkitarm/bin/../lib/gcc/arm-none-eabi/5.3.0/../../../../arm-none-eabi/lib/armv6k/fpu\libg.a(lib_a-svfscanf.o)
 .rodata.str1.4
                0x00127060        0x5 c:/devkitpro/devkitarm/bin/../lib/gcc/arm-none-eabi/5.3.0/../../../../arm-none-eabi/lib/armv6k/fpu\libg.a(lib_a-svfscanf.o)
                                  0x8 (size before relaxing)
 *fill*         0x00127065        0x3 
 .rodata.blanks.7115
                0x00127068       0x10 c:/devkitpro/devkitarm/bin/../lib/gcc/arm-none-eabi/5.3.0/../../../../arm-none-eabi/lib/armv6k/fpu\libg.a(lib_a-vfiprintf.o)
 .rodata.str1.4
                0x00127078       0x2f c:/devkitpro/devkitarm/bin/../lib/gcc/arm-none-eabi/5.3.0/../../../../arm-none-eabi/lib/armv6k/fpu\libg.a(lib_a-vfiprintf.o)
                                 0x30 (size before relaxing)
 *fill*         0x001270a7        0x1 
 .rodata.zeroes.7116
                0x001270a8       0x10 c:/devkitpro/devkitarm/bin/../lib/gcc/arm-none-eabi/5.3.0/../../../../arm-none-eabi/lib/armv6k/fpu\libg.a(lib_a-vfiprintf.o)
 .rodata.zeroes.7138
                0x001270b8       0x10 c:/devkitpro/devkitarm/bin/../lib/gcc/arm-none-eabi/5.3.0/../../../../arm-none-eabi/lib/armv6k/fpu\libg.a(lib_a-vfprintf.o)
 .rodata.str1.4
                0x001270c8       0x12 c:/devkitpro/devkitarm/bin/../lib/gcc/arm-none-eabi/5.3.0/../../../../arm-none-eabi/lib/armv6k/fpu\libg.a(lib_a-vfprintf.o)
                                 0x44 (size before relaxing)
 *fill*         0x001270da        0x2 
 .rodata.blanks.7137
                0x001270dc       0x10 c:/devkitpro/devkitarm/bin/../lib/gcc/arm-none-eabi/5.3.0/../../../../arm-none-eabi/lib/armv6k/fpu\libg.a(lib_a-vfprintf.o)
 .rodata._ctype_
                0x001270ec      0x104 c:/devkitpro/devkitarm/bin/../lib/gcc/arm-none-eabi/5.3.0/../../../../arm-none-eabi/lib/armv6k/fpu\libg.a(lib_a-ctype_.o)
                0x001270ec                _ctype_
 .rodata.str1.4
                0x001271f0       0x10 c:/devkitpro/devkitarm/bin/../lib/gcc/arm-none-eabi/5.3.0/../../../../arm-none-eabi/lib/armv6k/fpu\libg.a(lib_a-dtoa.o)
                                 0x14 (size before relaxing)
 .rodata.a1     0x00127200       0xbc c:/devkitpro/devkitarm/bin/../lib/gcc/arm-none-eabi/5.3.0/../../../../arm-none-eabi/lib/armv6k/fpu\libg.a(lib_a-jp2uc.o)
 .rodata.a2     0x001272bc       0xbc c:/devkitpro/devkitarm/bin/../lib/gcc/arm-none-eabi/5.3.0/../../../../arm-none-eabi/lib/armv6k/fpu\libg.a(lib_a-jp2uc.o)
 .rodata.a3     0x00127378       0x5c c:/devkitpro/devkitarm/bin/../lib/gcc/arm-none-eabi/5.3.0/../../../../arm-none-eabi/lib/armv6k/fpu\libg.a(lib_a-jp2uc.o)
 .rodata.a6     0x001273d4       0x70 c:/devkitpro/devkitarm/bin/../lib/gcc/arm-none-eabi/5.3.0/../../../../arm-none-eabi/lib/armv6k/fpu\libg.a(lib_a-jp2uc.o)
 .rodata.a7     0x00127444       0xa4 c:/devkitpro/devkitarm/bin/../lib/gcc/arm-none-eabi/5.3.0/../../../../arm-none-eabi/lib/armv6k/fpu\libg.a(lib_a-jp2uc.o)
 .rodata.a8     0x001274e8       0x40 c:/devkitpro/devkitarm/bin/../lib/gcc/arm-none-eabi/5.3.0/../../../../arm-none-eabi/lib/armv6k/fpu\libg.a(lib_a-jp2uc.o)
 .rodata.str1.4
                0x00127528       0x12 c:/devkitpro/devkitarm/bin/../lib/gcc/arm-none-eabi/5.3.0/../../../../arm-none-eabi/lib/armv6k/fpu\libg.a(lib_a-jp2uc.o)
                                 0x14 (size before relaxing)
 *fill*         0x0012753a        0x2 
 .rodata.b02cf  0x0012753c     0x172c c:/devkitpro/devkitarm/bin/../lib/gcc/arm-none-eabi/5.3.0/../../../../arm-none-eabi/lib/armv6k/fpu\libg.a(lib_a-jp2uc.o)
 .rodata.d02f4  0x00128c68     0x1a7c c:/devkitpro/devkitarm/bin/../lib/gcc/arm-none-eabi/5.3.0/../../../../arm-none-eabi/lib/armv6k/fpu\libg.a(lib_a-jp2uc.o)
 .rodata.str1.4
                0x0012a6e4      0x112 c:/devkitpro/devkitarm/bin/../lib/gcc/arm-none-eabi/5.3.0/../../../../arm-none-eabi/lib/armv6k/fpu\libg.a(lib_a-locale.o)
                                0x130 (size before relaxing)
 .rodata.str1.4
                0x0012a7f6        0x4 c:/devkitpro/devkitarm/bin/../lib/gcc/arm-none-eabi/5.3.0/../../../../arm-none-eabi/lib/armv6k/fpu\libg.a(lib_a-mbrtowc.o)
 *fill*         0x0012a7f6        0x2 
 .rodata.__mprec_tens
                0x0012a7f8       0xc8 c:/devkitpro/devkitarm/bin/../lib/gcc/arm-none-eabi/5.3.0/../../../../arm-none-eabi/lib/armv6k/fpu\libg.a(lib_a-mprec.o)
                0x0012a7f8                __mprec_tens
 .rodata.p05.5412
                0x0012a8c0        0xc c:/devkitpro/devkitarm/bin/../lib/gcc/arm-none-eabi/5.3.0/../../../../arm-none-eabi/lib/armv6k/fpu\libg.a(lib_a-mprec.o)
 *fill*         0x0012a8cc        0x4 
 .rodata.__mprec_bigtens
                0x0012a8d0       0x28 c:/devkitpro/devkitarm/bin/../lib/gcc/arm-none-eabi/5.3.0/../../../../arm-none-eabi/lib/armv6k/fpu\libg.a(lib_a-mprec.o)
                0x0012a8d0                __mprec_bigtens
 .rodata.fpinan.5417
                0x0012a8f8       0x14 c:/devkitpro/devkitarm/bin/../lib/gcc/arm-none-eabi/5.3.0/../../../../arm-none-eabi/lib/armv6k/fpu\libg.a(lib_a-strtod.o)
 .rodata.str1.4
                0x0012a90c        0xf c:/devkitpro/devkitarm/bin/../lib/gcc/arm-none-eabi/5.3.0/../../../../arm-none-eabi/lib/armv6k/fpu\libg.a(lib_a-strtod.o)
                                 0x10 (size before relaxing)
 *fill*         0x0012a91b        0x1 
 .rodata.fpi.5381
                0x0012a91c       0x14 c:/devkitpro/devkitarm/bin/../lib/gcc/arm-none-eabi/5.3.0/../../../../arm-none-eabi/lib/armv6k/fpu\libg.a(lib_a-strtod.o)
 .rodata.tinytens
                0x0012a930       0x28 c:/devkitpro/devkitarm/bin/../lib/gcc/arm-none-eabi/5.3.0/../../../../arm-none-eabi/lib/armv6k/fpu\libg.a(lib_a-strtod.o)
 .rodata.__state_table
                0x0012a958       0x6c c:/devkitpro/devkitarm/bin/../lib/gcc/arm-none-eabi/5.3.0/../../../../arm-none-eabi/lib/armv6k/fpu\libg.a(lib_a-svfiprintf.o)
                0x0012a958                __state_table
 .rodata.__chclass
                0x0012a9c4      0x100 c:/devkitpro/devkitarm/bin/../lib/gcc/arm-none-eabi/5.3.0/../../../../arm-none-eabi/lib/armv6k/fpu\libg.a(lib_a-svfiprintf.o)
                0x0012a9c4                __chclass
 .rodata.__action_table
                0x0012aac4       0x6c c:/devkitpro/devkitarm/bin/../lib/gcc/arm-none-eabi/5.3.0/../../../../arm-none-eabi/lib/armv6k/fpu\libg.a(lib_a-svfiprintf.o)
                0x0012aac4                __action_table
 .rodata.blanks.7122
                0x0012ab30       0x10 c:/devkitpro/devkitarm/bin/../lib/gcc/arm-none-eabi/5.3.0/../../../../arm-none-eabi/lib/armv6k/fpu\libg.a(lib_a-svfprintf.o)
 .rodata.str1.4
                0x0012ab40       0x44 c:/devkitpro/devkitarm/bin/../lib/gcc/arm-none-eabi/5.3.0/../../../../arm-none-eabi/lib/armv6k/fpu\libg.a(lib_a-svfprintf.o)
 .rodata.zeroes.7123
                0x0012ab40       0x10 c:/devkitpro/devkitarm/bin/../lib/gcc/arm-none-eabi/5.3.0/../../../../arm-none-eabi/lib/armv6k/fpu\libg.a(lib_a-svfprintf.o)
 .rodata.__hexdig
                0x0012ab50      0x100 c:/devkitpro/devkitarm/bin/../lib/gcc/arm-none-eabi/5.3.0/../../../../arm-none-eabi/lib/armv6k/fpu\libg.a(lib_a-gdtoa-gethex.o)
                0x0012ab50                __hexdig
 .rodata.str1.4
                0x0012ac50        0x8 c:/devkitpro/devkitarm/bin/../lib/gcc/arm-none-eabi/5.3.0/../../../../arm-none-eabi/lib/armv6k/fpu\libsysbase.a(iosupport.o)
 *all.rodata*(*)
 *(.gnu.linkonce.r*)
                0x0012ac58                . = ALIGN (0x4)

.eh_frame       0x0012ac58        0x0
 .eh_frame      0x0012ac58        0x0 c:/devkitpro/devkitarm/bin/../lib/gcc/arm-none-eabi/5.3.0/armv6k/fpu/crtbegin.o

.rel.dyn        0x0012ac58        0x0
 .rel.iplt      0x0012ac58        0x0 c:/devkitpro/devkitarm/bin/../lib/gcc/arm-none-eabi/5.3.0/../../../../arm-none-eabi/lib/armv6k/fpu/3dsx_crt0.o

.ARM.extab
 *(.ARM.extab* .gnu.linkonce.armextab.*)
                0x0012ac58                __exidx_start = .

ARM.exidx
 *(.ARM.exidx* .gnu.linkonce.armexidx.*)
                0x0012ac58                __exidx_end = .

.data           0x0012b000     0x2e40
 *(.data)
 .data          0x0012b000       0x54 c:/devkitPro/libctru/lib\libctru.a(console.o)
                0x0012b000                defaultConsole
                0x0012b04c                currentConsole
 .data          0x0012b054        0xc c:/devkitPro/libctru/lib\libctru.a(gfx.o)
 .data          0x0012b060        0x4 c:/devkitPro/libctru/lib\libctru.a(stack_adjust.o)
                0x0012b060                __stacksize__
 *fill*         0x0012b064        0x4 
 .data          0x0012b068      0x488 c:/devkitPro/libctru/lib\libctru.a(sdmc_dev.o)
 .data          0x0012b4f0       0x44 c:/devkitpro/devkitarm/bin/../lib/gcc/arm-none-eabi/5.3.0/../../../../arm-none-eabi/lib/armv6k/fpu\libsysbase.a(iosupport.o)
                0x0012b4f4                devoptab_list
 .data          0x0012b534     0x1000 c:/devkitpro/devkitarm/bin/../lib/gcc/arm-none-eabi/5.3.0/../../../../arm-none-eabi/lib/armv6k/fpu\libsysbase.a(chdir.o)
 .data          0x0012c534     0x1028 c:/devkitpro/devkitarm/bin/../lib/gcc/arm-none-eabi/5.3.0/../../../../arm-none-eabi/lib/armv6k/fpu\libsysbase.a(handle_manager.o)
 *(.data.*)
 *fill*         0x0012d55c        0x4 
 .data.impure_data
                0x0012d560      0x440 c:/devkitpro/devkitarm/bin/../lib/gcc/arm-none-eabi/5.3.0/../../../../arm-none-eabi/lib/armv6k/fpu\libg.a(lib_a-impure.o)
 .data._impure_ptr
                0x0012d9a0        0x4 c:/devkitpro/devkitarm/bin/../lib/gcc/arm-none-eabi/5.3.0/../../../../arm-none-eabi/lib/armv6k/fpu\libg.a(lib_a-impure.o)
                0x0012d9a0                _impure_ptr
 .data.__malloc_av_
                0x0012d9a4      0x408 c:/devkitpro/devkitarm/bin/../lib/gcc/arm-none-eabi/5.3.0/../../../../arm-none-eabi/lib/armv6k/fpu\libg.a(lib_a-mallocr.o)
                0x0012d9a4                __malloc_av_
 .data.__malloc_trim_threshold
                0x0012ddac        0x4 c:/devkitpro/devkitarm/bin/../lib/gcc/arm-none-eabi/5.3.0/../../../../arm-none-eabi/lib/armv6k/fpu\libg.a(lib_a-mallocr.o)
                0x0012ddac                __malloc_trim_threshold
 .data.__malloc_sbrk_base
                0x0012ddb0        0x4 c:/devkitpro/devkitarm/bin/../lib/gcc/arm-none-eabi/5.3.0/../../../../arm-none-eabi/lib/armv6k/fpu\libg.a(lib_a-mallocr.o)
                0x0012ddb0                __malloc_sbrk_base
 .data.__malloc_lock_object
                0x0012ddb4        0xc c:/devkitpro/devkitarm/bin/../lib/gcc/arm-none-eabi/5.3.0/../../../../arm-none-eabi/lib/armv6k/fpu\libg.a(lib_a-mlock.o)
 .data.__wctomb
                0x0012ddc0        0x4 c:/devkitpro/devkitarm/bin/../lib/gcc/arm-none-eabi/5.3.0/../../../../arm-none-eabi/lib/armv6k/fpu\libg.a(lib_a-wctomb_r.o)
                0x0012ddc0                __wctomb
 .data.__ctype_ptr__
                0x0012ddc4        0x4 c:/devkitpro/devkitarm/bin/../lib/gcc/arm-none-eabi/5.3.0/../../../../arm-none-eabi/lib/armv6k/fpu\libg.a(lib_a-ctype_.o)
                0x0012ddc4                __ctype_ptr__
 .data.__sfp_lock
                0x0012ddc8        0xc c:/devkitpro/devkitarm/bin/../lib/gcc/arm-none-eabi/5.3.0/../../../../arm-none-eabi/lib/armv6k/fpu\libg.a(lib_a-findfp.o)
 .data.__sinit_lock
                0x0012ddd4        0xc c:/devkitpro/devkitarm/bin/../lib/gcc/arm-none-eabi/5.3.0/../../../../arm-none-eabi/lib/armv6k/fpu\libg.a(lib_a-findfp.o)
 .data.lconv    0x0012dde0       0x38 c:/devkitpro/devkitarm/bin/../lib/gcc/arm-none-eabi/5.3.0/../../../../arm-none-eabi/lib/armv6k/fpu\libg.a(lib_a-locale.o)
 .data.lc_ctype_charset
                0x0012de18       0x20 c:/devkitpro/devkitarm/bin/../lib/gcc/arm-none-eabi/5.3.0/../../../../arm-none-eabi/lib/armv6k/fpu\libg.a(lib_a-locale.o)
 .data.__mb_cur_max
                0x0012de38        0x4 c:/devkitpro/devkitarm/bin/../lib/gcc/arm-none-eabi/5.3.0/../../../../arm-none-eabi/lib/armv6k/fpu\libg.a(lib_a-locale.o)
                0x0012de38                __mb_cur_max
 .data.__mbtowc
                0x0012de3c        0x4 c:/devkitpro/devkitarm/bin/../lib/gcc/arm-none-eabi/5.3.0/../../../../arm-none-eabi/lib/armv6k/fpu\libg.a(lib_a-mbtowc_r.o)
                0x0012de3c                __mbtowc
 *(.gnu.linkonce.d*)
                0x0012de40                . = ALIGN (0x4)

.igot.plt       0x0012de40        0x0
 .igot.plt      0x0012de40        0x0 c:/devkitpro/devkitarm/bin/../lib/gcc/arm-none-eabi/5.3.0/../../../../arm-none-eabi/lib/armv6k/fpu/3dsx_crt0.o

.jcr            0x0012de40        0x0
 .jcr           0x0012de40        0x0 c:/devkitpro/devkitarm/bin/../lib/gcc/arm-none-eabi/5.3.0/armv6k/fpu/crtbegin.o

.tm_clone_table
                0x0012de40        0x0
 .tm_clone_table
                0x0012de40        0x0 c:/devkitpro/devkitarm/bin/../lib/gcc/arm-none-eabi/5.3.0/armv6k/fpu/crtbegin.o
 .tm_clone_table
                0x0012de40        0x0 c:/devkitpro/devkitarm/bin/../lib/gcc/arm-none-eabi/5.3.0/armv6k/fpu/crtend.o
                0x0012de40                __TMC_END__

.tdata          0x0012de40        0x0
                0x0012de40                __tdata_lma = .
 *(.tdata)
 *(.tdata.*)
 *(.gnu.linkonce.td.*)
                0x0012de40                . = ALIGN (0x4)
                0x0012de40                __tdata_lma_end = .

.tbss           0x0012de40     0x340c
 *(.tbss)
 .tbss          0x0012de40     0x340c c:/devkitPro/libctru/lib\libctru.a(sdmc_dev.o)
 *(.tbss.*)
 *(.gnu.linkonce.tb.*)
 *(.tcommon)
                0x0013124c                . = ALIGN (0x4)

.preinit_array  0x0012de40        0x0
                0x0012de40                PROVIDE (__preinit_array_start, .)
 *(.preinit_array)
                0x0012de40                PROVIDE (__preinit_array_end, .)

.init_array     0x0012de40        0x4
                0x0012de40                PROVIDE (__init_array_start, .)
 *(SORT(.init_array.*))
 *(.init_array)
 .init_array    0x0012de40        0x4 c:/devkitpro/devkitarm/bin/../lib/gcc/arm-none-eabi/5.3.0/armv6k/fpu/crtbegin.o
                0x0012de44                PROVIDE (__init_array_end, .)

.fini_array     0x0012de44        0x4
                0x0012de44                PROVIDE (__fini_array_start, .)
 *(.fini_array)
 .fini_array    0x0012de44        0x4 c:/devkitpro/devkitarm/bin/../lib/gcc/arm-none-eabi/5.3.0/armv6k/fpu/crtbegin.o
 *(SORT(.fini_array.*))
                0x0012de48                PROVIDE (__fini_array_end, .)

.ctors
 *crtbegin.o(.ctors)
 *(EXCLUDE_FILE(*crtend.o) .ctors)
 *(SORT(.ctors.*))
 *(.ctors)

.dtors
 *crtbegin.o(.dtors)
 *(EXCLUDE_FILE(*crtend.o) .dtors)
 *(SORT(.dtors.*))
 *(.dtors)
                0x0012de48                __bss_start__ = .

.bss            0x0012de48     0x5758
 *(.dynbss)
 *(.bss)
 .bss           0x0012de48       0x1c c:/devkitpro/devkitarm/bin/../lib/gcc/arm-none-eabi/5.3.0/armv6k/fpu/crtbegin.o
 .bss           0x0012de64        0xc c:/devkitPro/libctru/lib\libctru.a(gfx.o)
 .bss           0x0012de70       0x54 c:/devkitPro/libctru/lib\libctru.a(apt.o)
                0x0012de80                aptStatus
                0x0012deac                aptStatusBeforeSleep
 .bss           0x0012dec4        0xc c:/devkitPro/libctru/lib\libctru.a(gspgpu.o)
 .bss           0x0012ded0       0x2c c:/devkitPro/libctru/lib\libctru.a(hid.o)
 .bss           0x0012defc        0xc c:/devkitPro/libctru/lib\libctru.a(irrst.o)
 .bss           0x0012df08        0x8 c:/devkitPro/libctru/lib\libctru.a(stack_adjust.o)
 .bss           0x0012df10       0x14 c:/devkitPro/libctru/lib\libctru.a(linear.o)
 .bss           0x0012df24       0x14 c:/devkitPro/libctru/lib\libctru.a(mappable.o)
 .bss           0x0012df38       0x14 c:/devkitPro/libctru/lib\libctru.a(vram.o)
 .bss           0x0012df4c        0x1 c:/devkitPro/libctru/lib\libctru.a(os.o)
                0x0012df4c                __ctru_speedup
 *fill*         0x0012df4d        0x3 
 .bss           0x0012df50        0x8 c:/devkitPro/libctru/lib\libctru.a(srv.o)
 .bss           0x0012df58        0x4 c:/devkitPro/libctru/lib\libctru.a(synchronization.o)
 .bss           0x0012df5c        0x8 c:/devkitPro/libctru/lib\libctru.a(ptmsysm.o)
 .bss           0x0012df64        0x1 c:/devkitPro/libctru/lib\libctru.a(sdmc_dev.o)
 *fill*         0x0012df65        0x3 
 .bss           0x0012df68        0x8 c:/devkitPro/libctru/lib\libctru.a(fs.o)
 .bss           0x0012df70        0x4 c:/devkitpro/devkitarm/bin/../lib/gcc/arm-none-eabi/5.3.0/../../../../arm-none-eabi/lib/armv6k/fpu\libsysbase.a(sbrk.o)
 .bss           0x0012df74        0x8 c:/devkitpro/devkitarm/bin/../lib/gcc/arm-none-eabi/5.3.0/../../../../arm-none-eabi/lib/armv6k/fpu\libsysbase.a(malloc_vars.o)
                0x0012df74                fake_heap_start
                0x0012df78                fake_heap_end
 .bss           0x0012df7c     0x1000 c:/devkitpro/devkitarm/bin/../lib/gcc/arm-none-eabi/5.3.0/../../../../arm-none-eabi/lib/armv6k/fpu\libsysbase.a(chdir.o)
 .bss           0x0012ef7c       0x38 c:/devkitpro/devkitarm/bin/../lib/gcc/arm-none-eabi/5.3.0/../../../../arm-none-eabi/lib/armv6k/fpu\libsysbase.a(syscall_support.o)
                0x0012ef7c                __syscalls
 *(.bss.*)
 .bss.__malloc_max_total_mem
                0x0012efb4        0x4 c:/devkitpro/devkitarm/bin/../lib/gcc/arm-none-eabi/5.3.0/../../../../arm-none-eabi/lib/armv6k/fpu\libg.a(lib_a-mallocr.o)
                0x0012efb4                __malloc_max_total_mem
 .bss.__malloc_max_sbrked_mem
                0x0012efb8        0x4 c:/devkitpro/devkitarm/bin/../lib/gcc/arm-none-eabi/5.3.0/../../../../arm-none-eabi/lib/armv6k/fpu\libg.a(lib_a-mallocr.o)
                0x0012efb8                __malloc_max_sbrked_mem
 .bss.__malloc_top_pad
                0x0012efbc        0x4 c:/devkitpro/devkitarm/bin/../lib/gcc/arm-none-eabi/5.3.0/../../../../arm-none-eabi/lib/armv6k/fpu\libg.a(lib_a-mallocr.o)
                0x0012efbc                __malloc_top_pad
 .bss.__malloc_current_mallinfo
                0x0012efc0       0x28 c:/devkitpro/devkitarm/bin/../lib/gcc/arm-none-eabi/5.3.0/../../../../arm-none-eabi/lib/armv6k/fpu\libg.a(lib_a-mallocr.o)
                0x0012efc0                __malloc_current_mallinfo
 *(.gnu.linkonce.b*)
 *(COMMON)
 COMMON         0x0012efe8       0x4c c:/devkitPro/libctru/lib\libctru.a(console.o)
                0x0012efe8                currentCopy
 COMMON         0x0012f034       0x60 c:/devkitPro/libctru/lib\libctru.a(gfx.o)
                0x0012f034                gfxBottomFramebuffers
                0x0012f03c                gspSharedMemHandle
                0x0012f040                bottomFramebufferInfo
                0x0012f05c                gspEvent
                0x0012f060                gfxTopLeftFramebuffers
                0x0012f068                gfxTopRightFramebuffers
                0x0012f070                topFramebufferInfo
                0x0012f08c                gfxThreadID
                0x0012f090                gfxSharedMemory
 COMMON         0x0012f094        0x4 c:/devkitPro/libctru/lib\libctru.a(gx.o)
                0x0012f094                gxCmdBuf
 COMMON         0x0012f098     0x102a c:/devkitPro/libctru/lib\libctru.a(apt.o)
                0x0012f098                aptEventHandlerThread
                0x0012f09c                aptSleepSync
                0x0012f0a0                aptParameters
                0x001300a0                aptuHandle
                0x001300a4                aptEvents
                0x001300b0                aptStatusEvent
                0x001300b4                aptStatusPower
                0x001300b8                aptStatusMutex
                0x001300bc                aptLockHandle
                0x001300c0                currentAppId
 *fill*         0x001300c2        0x2 
 COMMON         0x001300c4       0x84 c:/devkitPro/libctru/lib\libctru.a(gspgpu.o)
                0x001300c4                gspEventCbOneShot
                0x001300cc                gspEventCb
                0x001300e8                gspGpuHandle
                0x001300ec                gspEventThread
                0x001300f0                gspEventCounts
                0x0013010c                gspEvents
                0x00130128                gspRunEvents
                0x0013012c                gspEventCbData
 COMMON         0x00130148       0x20 c:/devkitPro/libctru/lib\libctru.a(hid.o)
                0x00130148                hidMemHandle
                0x0013014c                hidHandle
                0x00130150                hidSharedMem
                0x00130154                hidEvents
 COMMON         0x00130168       0x10 c:/devkitPro/libctru/lib\libctru.a(irrst.o)
                0x00130168                irrstHandle
                0x0013016c                irrstEvent
                0x00130170                irrstMemHandle
                0x00130174                irrstSharedMem
 COMMON         0x00130178        0x8 c:/devkitPro/libctru/lib\libctru.a(initArgv.o)
                0x00130178                __system_argv
                0x0013017c                __system_argc
 COMMON         0x00130180        0x4 c:/devkitPro/libctru/lib\libctru.a(initSystem.o)
                0x00130180                __system_retAddr
 COMMON         0x00130184       0x10 c:/devkitPro/libctru/lib\libctru.a(allocateHeaps.o)
                0x00130184                __ctru_heap_size
                0x00130188                __ctru_linear_heap
                0x0013018c                __ctru_heap
                0x00130190                __ctru_linear_heap_size
                0x00130194                . = ALIGN (0x4)
                0x00130194                __tls_start = .
                0x001335a0                . = (. + (SIZEOF (.tdata) + SIZEOF (.tbss)))
 *fill*         0x00130194     0x340c 
                0x001335a0                __tls_end = .
                0x001335a0                __bss_end__ = .
                0x001335a0                __end__ = ABSOLUTE (.)

/DISCARD/
 *(.group .comment .note)

.stab
 *(.stab)

.stabstr
 *(.stabstr)

.stab.excl
 *(.stab.excl)

.stab.exclstr
 *(.stab.exclstr)

.stab.index
 *(.stab.index)

.stab.indexstr
 *(.stab.indexstr)

.debug
 *(.debug)

.line
 *(.line)

.debug_srcinfo
 *(.debug_srcinfo)

.debug_sfnames
 *(.debug_sfnames)

.debug_aranges  0x00000000     0x1250
 *(.debug_aranges)
 .debug_aranges
                0x00000000       0x20 main.o
 .debug_aranges
                0x00000020       0x88 c:/devkitPro/libctru/lib\libctru.a(console.o)
 .debug_aranges
                0x000000a8       0x98 c:/devkitPro/libctru/lib\libctru.a(gfx.o)
 .debug_aranges
                0x00000140       0x48 c:/devkitPro/libctru/lib\libctru.a(gx.o)
 .debug_aranges
                0x00000188      0x1f8 c:/devkitPro/libctru/lib\libctru.a(apt.o)
 .debug_aranges
                0x00000380       0xd8 c:/devkitPro/libctru/lib\libctru.a(gspgpu.o)
 .debug_aranges
                0x00000458       0xb0 c:/devkitPro/libctru/lib\libctru.a(hid.o)
 .debug_aranges
                0x00000508       0x68 c:/devkitPro/libctru/lib\libctru.a(irrst.o)
 .debug_aranges
                0x00000570       0x20 c:/devkitPro/libctru/lib\libctru.a(initArgv.o)
 .debug_aranges
                0x00000590       0x20 c:/devkitPro/libctru/lib\libctru.a(initSystem.o)
 .debug_aranges
                0x000005b0       0x28 c:/devkitPro/libctru/lib\libctru.a(syscalls.o)
 .debug_aranges
                0x000005d8      0x240 c:/devkitPro/libctru/lib\libctru.a(svc.o)
 .debug_aranges
                0x00000818       0x20 c:/devkitPro/libctru/lib\libctru.a(stack_adjust.o)
 .debug_aranges
                0x00000838       0x50 c:/devkitPro/libctru/lib\libctru.a(linear.o)
 .debug_aranges
                0x00000888       0x40 c:/devkitPro/libctru/lib\libctru.a(mappable.o)
 .debug_aranges